 xerces-c_1_7_0

 Timestamp is 3c87f46f (Thu Mar 07 18:14:55 2002)

 Preferred load address is 12000000

 Start         Length     Name                   Class
 0001:00000000 000c05e0H .text                   CODE
 0001:000c05e0 0000df39H .text$x                 CODE
 0002:00000000 00000130H .idata$5                DATA
 0002:00000130 0001e354H .rdata                  DATA
 0002:0001e488 00000044H .rdata$r                DATA
 0002:0001e4d0 00012198H .xdata$x                DATA
 0002:00030668 00000050H .idata$2                DATA
 0002:000306b8 00000014H .idata$3                DATA
 0002:000306cc 00000130H .idata$4                DATA
 0002:000307fc 00000476H .idata$6                DATA
 0002:00030c80 00049377H .edata                  DATA
 0003:00000000 00000004H .CRT$XCA                DATA
 0003:00000004 00000054H .CRT$XCU                DATA
 0003:00000058 00000004H .CRT$XCZ                DATA
 0003:0000005c 00000004H .CRT$XIA                DATA
 0003:00000060 00000004H .CRT$XIZ                DATA
 0003:00000070 000128e0H .data                   DATA
 0003:00012950 00000a84H .bss                    DATA
 0004:00000000 00000970H .rsrc$01                DATA
 0004:00000970 00013178H .rsrc$02                DATA

  Address         Publics by Value              Rva+Base     Lib:Object

 0001:00000000       ??1XMLMsgLoader@@UAE@XZ    12001000 f i Win32PlatformUtils.obj
 0001:00000020       ??_EXMLMsgLoader@@UAEPAXI@Z 12001020 f i Win32PlatformUtils.obj
 0001:00000080       ??0XMLMsgLoader@@IAE@XZ    12001080 f i Win32PlatformUtils.obj
 0001:00000090       ?setLanguageName@XMLMsgLoader@@IAEXQAG@Z 12001090 f i Win32PlatformUtils.obj
 0001:000000b0       ??1XMLErrorReporter@@UAE@XZ 120010b0 f i Win32PlatformUtils.obj
 0001:000000c0       ??0XMLErrorReporter@@IAE@XZ 120010c0 f i Win32PlatformUtils.obj
 0001:000000d0       ??_EXMLErrorReporter@@UAEPAXI@Z 120010d0 f i Win32PlatformUtils.obj
 0001:00000130       ?getAttName@XMLAttr@@QBEPAVQName@@XZ 12001130 f i Win32PlatformUtils.obj
 0001:00000130       ?getScanner@XMLValidator@@IAEPAVXMLScanner@@XZ 12001130 f i Win32PlatformUtils.obj
 0001:00000130       ?getNoParen@RegxParser@@QBEHXZ 12001130 f i Win32PlatformUtils.obj
 0001:00000130       ?getScanner@XMLValidator@@IBEPBVXMLScanner@@XZ 12001130 f i Win32PlatformUtils.obj
 0001:00000130       ?getEmptyNamespaceId@XMLScanner@@QBEIXZ 12001130 f i Win32PlatformUtils.obj
 0001:00000130       ?getPort@XMLUri@@QBEHXZ    12001130 f i Win32PlatformUtils.obj
 0001:00000130       ?getPath@XMLURL@@QBEPBGXZ  12001130 f i Win32PlatformUtils.obj
 0001:00000130       ?getMessage@XMLException@@QBEPBGXZ 12001130 f i Win32PlatformUtils.obj
 0001:00000130       ?getPublicId@XMLEntityDecl@@QBEPBGXZ 12001130 f i Win32PlatformUtils.obj
 0001:00000130       ?getType@DatatypeValidator@@QBE?AW4ValidatorType@1@XZ 12001130 f i Win32PlatformUtils.obj
 0001:00000130       ?getScopeDefined@ComplexTypeInfo@@QBEHXZ 12001130 f i Win32PlatformUtils.obj
 0001:00000130       ?getCategories@RangeTokenMap@@IBEPAVXMLStringPool@@XZ 12001130 f i Win32PlatformUtils.obj
 0001:00000130       ?curPos@BinMemInputStream@@UBEIXZ 12001130 f i Win32PlatformUtils.obj
 0001:00000140       ?getSrcFile@XMLException@@QBEPBDXZ 12001140 f i Win32PlatformUtils.obj
 0001:00000150       ?getFinalSet@ComplexTypeInfo@@QBEHXZ 12001150 f i Win32PlatformUtils.obj
 0001:00000150       ?getErrorCount@XMLScanner@@QAEHXZ 12001150 f i Win32PlatformUtils.obj
 0001:00000150       ?getNotationName@XMLEntityDecl@@QBEPBGXZ 12001150 f i Win32PlatformUtils.obj
 0001:00000150       ?getId@XMLAttDef@@QBEIXZ   12001150 f i Win32PlatformUtils.obj
 0001:00000150       ?getRootElemId@DTDGrammar@@QAEIXZ 12001150 f i Win32PlatformUtils.obj
 0001:00000150       ?getReaderMgr@XMLValidator@@IBEPBVReaderMgr@@XZ 12001150 f i Win32PlatformUtils.obj
 0001:00000150       ?getId@XMLElementDecl@@QBEIXZ 12001150 f i Win32PlatformUtils.obj
 0001:00000150       ?getMax@ClosureToken@@UBEHXZ 12001150 f i Win32PlatformUtils.obj
 0001:00000150       ?getReaderMgr@XMLValidator@@IAEPAVReaderMgr@@XZ 12001150 f i Win32PlatformUtils.obj
 0001:00000150       ?getHost@XMLUri@@QBEPBGXZ  12001150 f i Win32PlatformUtils.obj
 0001:00000150       ?getSystemId@XMLNotationDecl@@QBEPBGXZ 12001150 f i Win32PlatformUtils.obj
 0001:00000150       ?getString@StringToken@@UBEPBGXZ 12001150 f i Win32PlatformUtils.obj
 0001:00000150       ?getRangeMap@RangeTokenMap@@IBEPAV?$RefHashTableOf@VRangeFactory@@@@XZ 12001150 f i Win32PlatformUtils.obj
 0001:00000150       ?getOffset@RegxParser@@QBEHXZ 12001150 f i Win32PlatformUtils.obj
 0001:00000150       ?getSrcLine@XMLException@@QBEIXZ 12001150 f i Win32PlatformUtils.obj
 0001:00000150       ?getSelector@IdentityConstraint@@QBEPAVIC_Selector@@XZ 12001150 f i Win32PlatformUtils.obj
 0001:00000150       ?getSystemId@InputSource@@QBEPBGXZ 12001150 f i Win32PlatformUtils.obj
 0001:00000150       ?getConditionToken@ConditionToken@@QBEPAVToken@@XZ 12001150 f i Win32PlatformUtils.obj
 0001:00000150       ?getCompleteWildCard@XercesAttGroupInfo@@QBEPAVSchemaAttDef@@XZ 12001150 f i Win32PlatformUtils.obj
 0001:00000150       ?getOptionsMask@ModifierToken@@QBEHXZ 12001150 f i Win32PlatformUtils.obj
 0001:00000150       ?getPassword@XMLURL@@QBEPBGXZ 12001150 f i Win32PlatformUtils.obj
 0001:00000150       ?getFixed@DatatypeValidator@@IBEHXZ 12001150 f i Win32PlatformUtils.obj
 0001:00000160       ?getErrorType@XMLException@@QBE?AW4ErrTypes@XMLErrorReporter@@XZ 12001160 f i Win32PlatformUtils.obj
 0001:000001a0       ??0XMLPlatformUtilsException@@QAE@QBDIW4Codes@XMLExcepts@@@Z 120011a0 f i Win32PlatformUtils.obj
 0001:00000200       ??0XMLPlatformUtilsException@@QAE@ABV0@@Z 12001200 f i Win32PlatformUtils.obj
 0001:00000220       ??0XMLPlatformUtilsException@@QAE@QBDIW4Codes@XMLExcepts@@QBG222@Z 12001220 f i Win32PlatformUtils.obj
 0001:00000290       ??0XMLPlatformUtilsException@@QAE@QBDIW4Codes@XMLExcepts@@0000@Z 12001290 f i Win32PlatformUtils.obj
 0001:00000300       ??1XMLPlatformUtilsException@@UAE@XZ 12001300 f i Win32PlatformUtils.obj
 0001:00000310       ?duplicate@XMLPlatformUtilsException@@UBEPAVXMLException@@XZ 12001310 f i Win32PlatformUtils.obj
 0001:00000370       ?getType@XMLPlatformUtilsException@@UBEPBGXZ 12001370 f i Win32PlatformUtils.obj
 0001:00000380       ??_EXMLPlatformUtilsException@@UAEPAXI@Z 12001380 f i Win32PlatformUtils.obj
 0001:000003e0       ??1XMLDeleter@@UAE@XZ      120013e0 f i Win32PlatformUtils.obj
 0001:000003f0       ??_EXMLDeleter@@UAEPAXI@Z  120013f0 f i Win32PlatformUtils.obj
 0001:00000450       ??0XMLDeleter@@IAE@XZ      12001450 f i Win32PlatformUtils.obj
 0001:00000460       ??0RuntimeException@@QAE@QBDIW4Codes@XMLExcepts@@@Z 12001460 f i Win32PlatformUtils.obj
 0001:000004c0       ??0RuntimeException@@QAE@ABV0@@Z 120014c0 f i Win32PlatformUtils.obj
 0001:000004e0       ??0RuntimeException@@QAE@QBDIW4Codes@XMLExcepts@@QBG222@Z 120014e0 f i Win32PlatformUtils.obj
 0001:00000550       ??0RuntimeException@@QAE@QBDIW4Codes@XMLExcepts@@0000@Z 12001550 f i Win32PlatformUtils.obj
 0001:000005c0       ??1RuntimeException@@UAE@XZ 120015c0 f i Win32PlatformUtils.obj
 0001:000005d0       ?duplicate@RuntimeException@@UBEPAVXMLException@@XZ 120015d0 f i Win32PlatformUtils.obj
 0001:00000630       ?getType@RuntimeException@@UBEPBGXZ 12001630 f i Win32PlatformUtils.obj
 0001:00000640       ??_ERuntimeException@@UAEPAXI@Z 12001640 f i Win32PlatformUtils.obj
 0001:000006a0       ??0ArrayIndexOutOfBoundsException@@QAE@QBDIW4Codes@XMLExcepts@@@Z 120016a0 f i Win32PlatformUtils.obj
 0001:00000700       ??0ArrayIndexOutOfBoundsException@@QAE@ABV0@@Z 12001700 f i Win32PlatformUtils.obj
 0001:00000720       ??0ArrayIndexOutOfBoundsException@@QAE@QBDIW4Codes@XMLExcepts@@QBG222@Z 12001720 f i Win32PlatformUtils.obj
 0001:00000790       ??0ArrayIndexOutOfBoundsException@@QAE@QBDIW4Codes@XMLExcepts@@0000@Z 12001790 f i Win32PlatformUtils.obj
 0001:00000800       ??1ArrayIndexOutOfBoundsException@@UAE@XZ 12001800 f i Win32PlatformUtils.obj
 0001:00000810       ?duplicate@ArrayIndexOutOfBoundsException@@UBEPAVXMLException@@XZ 12001810 f i Win32PlatformUtils.obj
 0001:00000870       ?getType@ArrayIndexOutOfBoundsException@@UBEPBGXZ 12001870 f i Win32PlatformUtils.obj
 0001:00000880       ??_EArrayIndexOutOfBoundsException@@UAEPAXI@Z 12001880 f i Win32PlatformUtils.obj
 0001:000008e0       ??4XercesElementWildcard@@QAEAAV0@ABV0@@Z 120018e0 f i Win32PlatformUtils.obj
 0001:000008e0       ??4XMLUniCharacter@@QAEAAV0@ABV0@@Z 120018e0 f i Win32PlatformUtils.obj
 0001:000008e0       ??4HexBin@@QAEAAV0@ABV0@@Z 120018e0 f i Win32PlatformUtils.obj
 0001:000008e0       ??4XMLPlatformUtils@@QAEAAV0@ABV0@@Z 120018e0 f i Win32PlatformUtils.obj
 0001:000008e0       ??4XUtil@@QAEAAV0@ABV0@@Z  120018e0 f i Win32PlatformUtils.obj
 0001:000008e0       ??4XMLString@@QAEAAV0@ABV0@@Z 120018e0 f i Win32PlatformUtils.obj
 0001:000008e0       ??4Base64@@QAEAAV0@ABV0@@Z 120018e0 f i Win32PlatformUtils.obj
 0001:000008e0       ??4RegxUtil@@QAEAAV0@ABV0@@Z 120018e0 f i Win32PlatformUtils.obj
 0001:000008e0       ??4SchemaSymbols@@QAEAAV0@ABV0@@Z 120018e0 f i Win32PlatformUtils.obj
 0001:000008e0       ??4XMLReaderFactory@@QAEAAV0@ABV0@@Z 120018e0 f i Win32PlatformUtils.obj
 0001:000008e0       ??4XMLUni@@QAEAAV0@ABV0@@Z 120018e0 f i Win32PlatformUtils.obj
 0001:000008e0       ??4XPathSymbols@@QAEAAV0@ABV0@@Z 120018e0 f i Win32PlatformUtils.obj
 0001:000008f0       ?moveChars@XMLString@@SAXQAGQBGI@Z 120018f0 f i Win32PlatformUtils.obj
 0001:00000920       ?stringLen@XMLString@@SAIQBG@Z 12001920 f i Win32PlatformUtils.obj
 0001:00000950       ?startsWith@XMLString@@SA_NQBG0@Z 12001950 f i Win32PlatformUtils.obj
 0001:00000990       ?startsWithI@XMLString@@SA_NQBG0@Z 12001990 f i Win32PlatformUtils.obj
 0001:000009d0       ?endsWith@XMLString@@SA_NQBG0@Z 120019d0 f i Win32PlatformUtils.obj
 0001:00000a50       ?replicate@XMLString@@SAPAGQBG@Z 12001a50 f i Win32PlatformUtils.obj
 0001:00000ab0       ?validateRegion@XMLString@@CA_NQBGH0HI@Z 12001ab0 f i Win32PlatformUtils.obj
 0001:00000b30       ?getPublicId@InputSource@@QBEPBGXZ 12001b30 f i Win32PlatformUtils.obj
 0001:00000b30       ?getOptions@ModifierToken@@QBEHXZ 12001b30 f i Win32PlatformUtils.obj
 0001:00000b30       ?getIdentityConstraint@IC_Field@@QBEPAVIdentityConstraint@@XZ 12001b30 f i Win32PlatformUtils.obj
 0001:00000b30       ?getTokenRegistry@RangeTokenMap@@IBEPAV?$RefHashTableOf@VRangeTokenElemMap@@@@XZ 12001b30 f i Win32PlatformUtils.obj
 0001:00000b30       ?getKey@XMLEntityDecl@@QBEPBGXZ 12001b30 f i Win32PlatformUtils.obj
 0001:00000b30       ?getName@XMLEntityDecl@@QBEPBGXZ 12001b30 f i Win32PlatformUtils.obj
 0001:00000b30       ?getBlockSet@ComplexTypeInfo@@QBEHXZ 12001b30 f i Win32PlatformUtils.obj
 0001:00000b30       ?getPublicId@XMLNotationDecl@@QBEPBGXZ 12001b30 f i Win32PlatformUtils.obj
 0001:00000b30       ?getEnumeration@XMLAttDef@@QBEPBGXZ 12001b30 f i Win32PlatformUtils.obj
 0001:00000b30       ?getElementName@IdentityConstraint@@QBEPAGXZ 12001b30 f i Win32PlatformUtils.obj
 0001:00000b30       ?getHost@XMLURL@@QBEPBGXZ  12001b30 f i Win32PlatformUtils.obj
 0001:00000b30       ?getMin@ClosureToken@@UBEHXZ 12001b30 f i Win32PlatformUtils.obj
 0001:00000b30       ?curPos@BinHTTPURLInputStream@@UBEIXZ 12001b30 f i Win32PlatformUtils.obj
 0001:00000b30       ?getReferenceNo@ConditionToken@@UBEHXZ 12001b30 f i Win32PlatformUtils.obj
 0001:00000b30       ?getUserInfo@XMLUri@@QBEPBGXZ 12001b30 f i Win32PlatformUtils.obj
 0001:00000b30       ?getLocalPart@QName@@QAEPAGXZ 12001b30 f i Win32PlatformUtils.obj
 0001:00000b30       ?getNoParen@ParenToken@@UBEHXZ 12001b30 f i Win32PlatformUtils.obj
 0001:00000b30       ?getReferenceNo@StringToken@@UBEHXZ 12001b30 f i Win32PlatformUtils.obj
 0001:00000b30       ?getValue@XMLAttr@@QBEPBGXZ 12001b30 f i Win32PlatformUtils.obj
 0001:00000b30       ?getFacetsDefined@DatatypeValidator@@IBEHXZ 12001b30 f i Win32PlatformUtils.obj
 0001:00000b30       ?getNextOp@Op@@QBEPBV1@XZ  12001b30 f i Win32PlatformUtils.obj
 0001:00000b30       ?getCreateReason@XMLElementDecl@@QBE?AW4CreateReasons@1@XZ 12001b30 f i Win32PlatformUtils.obj
 0001:00000b30       ?getScale@XMLBigDecimal@@QBEIXZ 12001b30 f i Win32PlatformUtils.obj
 0001:00000b30       ?getIdentityConstraint@ValueStore@@QBEPAVIdentityConstraint@@XZ 12001b30 f i Win32PlatformUtils.obj
 0001:00000b30       ?getEncodingName@XMLTranscoder@@QBEPBGXZ 12001b30 f i Win32PlatformUtils.obj
 0001:00000b30       ?getLocationPaths@XercesXPath@@QBEPAV?$RefVectorOf@VXercesLocationPath@@@@XZ 12001b30 f i Win32PlatformUtils.obj
 0001:00000b30       ?getChar@CharToken@@UBEHXZ 12001b30 f i Win32PlatformUtils.obj
 0001:00000b30       ?getLocalPart@QName@@QBEPBGXZ 12001b30 f i Win32PlatformUtils.obj
 0001:00000b40       ??0HashBase@@QAE@XZ        12001b40 f i Win32PlatformUtils.obj
 0001:00000b50       ??0HashBase@@QAE@ABV0@@Z   12001b50 f i Win32PlatformUtils.obj
 0001:00000b60       ??4IDOM_Attr@@IAEAAV0@ABV0@@Z 12001b60 f i Win32PlatformUtils.obj
 0001:00000b60       ??4HashXMLCh@@QAEAAV0@ABV0@@Z 12001b60 f i Win32PlatformUtils.obj
 0001:00000b60       ??4IDOM_NodeFilter@@IAEAAV0@ABV0@@Z 12001b60 f i Win32PlatformUtils.obj
 0001:00000b60       ??4HashPtr@@QAEAAV0@ABV0@@Z 12001b60 f i Win32PlatformUtils.obj
 0001:00000b60       ??4IDOM_CDATASection@@IAEAAV0@ABV0@@Z 12001b60 f i Win32PlatformUtils.obj
 0001:00000b60       ??4IDOM_Document@@IAEAAV0@ABV0@@Z 12001b60 f i Win32PlatformUtils.obj
 0001:00000b60       ??4IDOM_Entity@@IAEAAV0@ABV0@@Z 12001b60 f i Win32PlatformUtils.obj
 0001:00000b60       ??4IDOM_NodeList@@IAEAAV0@ABV0@@Z 12001b60 f i Win32PlatformUtils.obj
 0001:00000b60       ??4Grammar@@QAEAAV0@ABV0@@Z 12001b60 f i Win32PlatformUtils.obj
 0001:00000b60       ??4HashBase@@QAEAAV0@ABV0@@Z 12001b60 f i Win32PlatformUtils.obj
 0001:00000b60       ??4IDOM_Node@@IAEAAV0@ABV0@@Z 12001b60 f i Win32PlatformUtils.obj
 0001:00000b60       ??4IDOM_NodeIterator@@IAEAAV0@ABV0@@Z 12001b60 f i Win32PlatformUtils.obj
 0001:00000b60       ??4IDOM_TreeWalker@@IAEAAV0@ABV0@@Z 12001b60 f i Win32PlatformUtils.obj
 0001:00000b60       ??4IDOM_Element@@IAEAAV0@ABV0@@Z 12001b60 f i Win32PlatformUtils.obj
 0001:00000b60       ??4IDOM_Range@@IAEAAV0@ABV0@@Z 12001b60 f i Win32PlatformUtils.obj
 0001:00000b60       ??4IDOM_EntityReference@@IAEAAV0@ABV0@@Z 12001b60 f i Win32PlatformUtils.obj
 0001:00000b60       ??4IDOM_DocumentType@@IAEAAV0@ABV0@@Z 12001b60 f i Win32PlatformUtils.obj
 0001:00000b60       ??4XMLNumber@@QAEAAV0@ABV0@@Z 12001b60 f i Win32PlatformUtils.obj
 0001:00000b60       ??4XMLAttDefList@@IAEAAV0@ABV0@@Z 12001b60 f i Win32PlatformUtils.obj
 0001:00000b60       ??4HashCMStateSet@@QAEAAV0@ABV0@@Z 12001b60 f i Win32PlatformUtils.obj
 0001:00000b60       ??4IDOM_DocumentFragment@@IAEAAV0@ABV0@@Z 12001b60 f i Win32PlatformUtils.obj
 0001:00000b60       ??4IDOM_Comment@@IAEAAV0@ABV0@@Z 12001b60 f i Win32PlatformUtils.obj
 0001:00000b60       ??4IDOM_DOMImplementation@@IAEAAV0@ABV0@@Z 12001b60 f i Win32PlatformUtils.obj
 0001:00000b60       ??4IDOM_Notation@@IAEAAV0@ABV0@@Z 12001b60 f i Win32PlatformUtils.obj
 0001:00000b60       ??4IDOM_NamedNodeMap@@IAEAAV0@ABV0@@Z 12001b60 f i Win32PlatformUtils.obj
 0001:00000b60       ??4IDOM_ProcessingInstruction@@IAEAAV0@ABV0@@Z 12001b60 f i Win32PlatformUtils.obj
 0001:00000b60       ??4IDOM_CharacterData@@IAEAAV0@ABV0@@Z 12001b60 f i Win32PlatformUtils.obj
 0001:00000b60       ??4IDOM_Text@@IAEAAV0@ABV0@@Z 12001b60 f i Win32PlatformUtils.obj
 0001:00000b70       ??0IllegalArgumentException@@QAE@QBDIW4Codes@XMLExcepts@@@Z 12001b70 f i Win32PlatformUtils.obj
 0001:00000bd0       ??0IllegalArgumentException@@QAE@ABV0@@Z 12001bd0 f i Win32PlatformUtils.obj
 0001:00000bf0       ??0IllegalArgumentException@@QAE@QBDIW4Codes@XMLExcepts@@QBG222@Z 12001bf0 f i Win32PlatformUtils.obj
 0001:00000c60       ??0IllegalArgumentException@@QAE@QBDIW4Codes@XMLExcepts@@0000@Z 12001c60 f i Win32PlatformUtils.obj
 0001:00000cd0       ??1IllegalArgumentException@@UAE@XZ 12001cd0 f i Win32PlatformUtils.obj
 0001:00000ce0       ?duplicate@IllegalArgumentException@@UBEPAVXMLException@@XZ 12001ce0 f i Win32PlatformUtils.obj
 0001:00000d40       ?getType@IllegalArgumentException@@UBEPBGXZ 12001d40 f i Win32PlatformUtils.obj
 0001:00000d50       ??_EIllegalArgumentException@@UAEPAXI@Z 12001d50 f i Win32PlatformUtils.obj
 0001:00000db0       ??0NoSuchElementException@@QAE@QBDIW4Codes@XMLExcepts@@@Z 12001db0 f i Win32PlatformUtils.obj
 0001:00000e10       ??0NoSuchElementException@@QAE@ABV0@@Z 12001e10 f i Win32PlatformUtils.obj
 0001:00000e30       ??0NoSuchElementException@@QAE@QBDIW4Codes@XMLExcepts@@QBG222@Z 12001e30 f i Win32PlatformUtils.obj
 0001:00000ea0       ??0NoSuchElementException@@QAE@QBDIW4Codes@XMLExcepts@@0000@Z 12001ea0 f i Win32PlatformUtils.obj
 0001:00000f10       ??1NoSuchElementException@@UAE@XZ 12001f10 f i Win32PlatformUtils.obj
 0001:00000f20       ?duplicate@NoSuchElementException@@UBEPAVXMLException@@XZ 12001f20 f i Win32PlatformUtils.obj
 0001:00000f80       ?getType@NoSuchElementException@@UBEPBGXZ 12001f80 f i Win32PlatformUtils.obj
 0001:00000f90       ??_ENoSuchElementException@@UAEPAXI@Z 12001f90 f i Win32PlatformUtils.obj
 0001:00000ff0       ??0HashXMLCh@@QAE@ABV0@@Z  12001ff0 f i Win32PlatformUtils.obj
 0001:00001000       ??_EHashXMLCh@@UAEPAXI@Z   12002000 f i Win32PlatformUtils.obj
 0001:00001060       ??0NullPointerException@@QAE@QBDIW4Codes@XMLExcepts@@@Z 12002060 f i Win32PlatformUtils.obj
 0001:000010c0       ??0NullPointerException@@QAE@ABV0@@Z 120020c0 f i Win32PlatformUtils.obj
 0001:000010e0       ??0NullPointerException@@QAE@QBDIW4Codes@XMLExcepts@@QBG222@Z 120020e0 f i Win32PlatformUtils.obj
 0001:00001150       ??0NullPointerException@@QAE@QBDIW4Codes@XMLExcepts@@0000@Z 12002150 f i Win32PlatformUtils.obj
 0001:000011c0       ??1NullPointerException@@UAE@XZ 120021c0 f i Win32PlatformUtils.obj
 0001:000011d0       ?duplicate@NullPointerException@@UBEPAVXMLException@@XZ 120021d0 f i Win32PlatformUtils.obj
 0001:00001230       ?getType@NullPointerException@@UBEPBGXZ 12002230 f i Win32PlatformUtils.obj
 0001:00001240       ??_ENullPointerException@@UAEPAXI@Z 12002240 f i Win32PlatformUtils.obj
 0001:000012a0       ??9XMLURL@@QBE_NABV0@@Z    120022a0 f i Win32PlatformUtils.obj
 0001:000012c0       ?getURLText@XMLURL@@QBEPBGXZ 120022c0 f i Win32PlatformUtils.obj
 0001:000012e0       ??0MalformedURLException@@QAE@QBDIW4Codes@XMLExcepts@@@Z 120022e0 f i Win32PlatformUtils.obj
 0001:00001340       ??0MalformedURLException@@QAE@ABV0@@Z 12002340 f i Win32PlatformUtils.obj
 0001:00001360       ??0MalformedURLException@@QAE@QBDIW4Codes@XMLExcepts@@QBG222@Z 12002360 f i Win32PlatformUtils.obj
 0001:000013d0       ??0MalformedURLException@@QAE@QBDIW4Codes@XMLExcepts@@0000@Z 120023d0 f i Win32PlatformUtils.obj
 0001:00001440       ??1MalformedURLException@@UAE@XZ 12002440 f i Win32PlatformUtils.obj
 0001:00001450       ?duplicate@MalformedURLException@@UBEPAVXMLException@@XZ 12002450 f i Win32PlatformUtils.obj
 0001:000014b0       ?getType@MalformedURLException@@UBEPBGXZ 120024b0 f i Win32PlatformUtils.obj
 0001:000014c0       ??_EMalformedURLException@@UAEPAXI@Z 120024c0 f i Win32PlatformUtils.obj
 0001:00001520       ??1XMLNetAccessor@@UAE@XZ  12002520 f i Win32PlatformUtils.obj
 0001:00001530       ??0XMLNetAccessor@@IAE@XZ  12002530 f i Win32PlatformUtils.obj
 0001:00001540       ??_EXMLNetAccessor@@UAEPAXI@Z 12002540 f i Win32PlatformUtils.obj
 0001:000015a0       ??0NetAccessorException@@QAE@QBDIW4Codes@XMLExcepts@@@Z 120025a0 f i Win32PlatformUtils.obj
 0001:00001600       ??0NetAccessorException@@QAE@ABV0@@Z 12002600 f i Win32PlatformUtils.obj
 0001:00001620       ??0NetAccessorException@@QAE@QBDIW4Codes@XMLExcepts@@QBG222@Z 12002620 f i Win32PlatformUtils.obj
 0001:00001690       ??0NetAccessorException@@QAE@QBDIW4Codes@XMLExcepts@@0000@Z 12002690 f i Win32PlatformUtils.obj
 0001:00001700       ??1NetAccessorException@@UAE@XZ 12002700 f i Win32PlatformUtils.obj
 0001:00001710       ?duplicate@NetAccessorException@@UBEPAVXMLException@@XZ 12002710 f i Win32PlatformUtils.obj
 0001:00001770       ?getType@NetAccessorException@@UBEPBGXZ 12002770 f i Win32PlatformUtils.obj
 0001:00001780       ??_ENetAccessorException@@UAEPAXI@Z 12002780 f i Win32PlatformUtils.obj
 0001:000017e0       ?getId@WinSockNetAccessor@@UBEPBGXZ 120027e0 f i Win32PlatformUtils.obj
 0001:000017f0       ?panic@XMLPlatformUtils@@SAXW4PanicReasons@1@@Z 120027f0 f   Win32PlatformUtils.obj
 0001:00001870       ?curFilePos@XMLPlatformUtils@@SAIPAX@Z 12002870 f   Win32PlatformUtils.obj
 0001:000018c0       ?closeFile@XMLPlatformUtils@@SAXPAX@Z 120028c0 f   Win32PlatformUtils.obj
 0001:00001900       ?fileSize@XMLPlatformUtils@@SAIPAX@Z 12002900 f   Win32PlatformUtils.obj
 0001:000019c0       ?openFile@XMLPlatformUtils@@SAPAXQBD@Z 120029c0 f   Win32PlatformUtils.obj
 0001:000019f0       ?openFile@XMLPlatformUtils@@SAPAXQBG@Z 120029f0 f   Win32PlatformUtils.obj
 0001:00001b10       ?openStdInHandle@XMLPlatformUtils@@SAPAXXZ 12002b10 f   Win32PlatformUtils.obj
 0001:00001ba0       ?readFileBuffer@XMLPlatformUtils@@SAIPAXIQAE@Z 12002ba0 f   Win32PlatformUtils.obj
 0001:00001c10       ?resetFile@XMLPlatformUtils@@SAXPAX@Z 12002c10 f   Win32PlatformUtils.obj
 0001:00001c60       ?getFullPath@XMLPlatformUtils@@SAPAGQBG@Z 12002c60 f   Win32PlatformUtils.obj
 0001:00001e00       ?isRelative@XMLPlatformUtils@@SA_NQBG@Z 12002e00 f   Win32PlatformUtils.obj
 0001:00001e60       ?weavePaths@XMLPlatformUtils@@SAPAGQBG0@Z 12002e60 f   Win32PlatformUtils.obj
 0001:000020a0       ?getCurrentMillis@XMLPlatformUtils@@SAKXZ 120030a0 f   Win32PlatformUtils.obj
 0001:000020b0       ?closeMutex@XMLPlatformUtils@@SAXQAX@Z 120030b0 f   Win32PlatformUtils.obj
 0001:000020d0       ?lockMutex@XMLPlatformUtils@@SAXQAX@Z 120030d0 f   Win32PlatformUtils.obj
 0001:000020e0       ?makeMutex@XMLPlatformUtils@@SAPAXXZ 120030e0 f   Win32PlatformUtils.obj
 0001:00002100       ?unlockMutex@XMLPlatformUtils@@SAXQAX@Z 12003100 f   Win32PlatformUtils.obj
 0001:00002110       ?compareAndSwap@XMLPlatformUtils@@SAPAXPAPAXQBX1@Z 12003110 f   Win32PlatformUtils.obj
 0001:00002130       ?atomicIncrement@XMLPlatformUtils@@SAHAAH@Z 12003130 f   Win32PlatformUtils.obj
 0001:00002140       ?atomicDecrement@XMLPlatformUtils@@SAHAAH@Z 12003140 f   Win32PlatformUtils.obj
 0001:00002150       ?makeNetAccessor@XMLPlatformUtils@@CAPAVXMLNetAccessor@@XZ 12003150 f   Win32PlatformUtils.obj
 0001:000021b0       ?loadAMsgSet@XMLPlatformUtils@@CAPAVXMLMsgLoader@@QBG@Z 120031b0 f   Win32PlatformUtils.obj
 0001:00002210       ?makeTransService@XMLPlatformUtils@@CAPAVXMLTransService@@XZ 12003210 f   Win32PlatformUtils.obj
 0001:00002270       ?platformInit@XMLPlatformUtils@@CAXXZ 12003270 f   Win32PlatformUtils.obj
 0001:000022a0       _DllMain@12                120032a0 f   Win32MsgLoader.obj
 0001:000022c0       ??0Win32MsgLoader@@QAE@QBG@Z 120032c0 f   Win32MsgLoader.obj
 0001:000023e0       ??_EWin32MsgLoader@@UAEPAXI@Z 120033e0 f i Win32MsgLoader.obj
 0001:00002440       ??1Win32MsgLoader@@UAE@XZ  12003440 f   Win32MsgLoader.obj
 0001:000024a0       ?loadMsg@Win32MsgLoader@@UAE_NIQAGI@Z 120034a0 f   Win32MsgLoader.obj
 0001:00002550       ?loadMsg@Win32MsgLoader@@UAE_NIQAGIQBG111@Z 12003550 f   Win32MsgLoader.obj
 0001:000025a0       ?loadMsg@Win32MsgLoader@@UAE_NIQAGIQBD111@Z 120035a0 f   Win32MsgLoader.obj
 0001:00002670       ??0TranscodingException@@QAE@QBDIW4Codes@XMLExcepts@@@Z 12003670 f i Win32TransService.obj
 0001:000026d0       ??0TranscodingException@@QAE@ABV0@@Z 120036d0 f i Win32TransService.obj
 0001:000026f0       ??0TranscodingException@@QAE@QBDIW4Codes@XMLExcepts@@QBG222@Z 120036f0 f i Win32TransService.obj
 0001:00002760       ??0TranscodingException@@QAE@QBDIW4Codes@XMLExcepts@@0000@Z 12003760 f i Win32TransService.obj
 0001:000027d0       ??1TranscodingException@@UAE@XZ 120037d0 f i Win32TransService.obj
 0001:000027e0       ?duplicate@TranscodingException@@UBEPAVXMLException@@XZ 120037e0 f i Win32TransService.obj
 0001:00002840       ?getType@TranscodingException@@UBEPBGXZ 12003840 f i Win32TransService.obj
 0001:00002850       ??_ETranscodingException@@UAEPAXI@Z 12003850 f i Win32TransService.obj
 0001:000028b0       ??0Win32TransService@@QAE@XZ 120038b0 f   Win32TransService.obj
 0001:00002e60       ??_EWin32TransService@@UAEPAXI@Z 12003e60 f i Win32TransService.obj
 0001:00002ec0       ??1Win32TransService@@UAE@XZ 12003ec0 f   Win32TransService.obj
 0001:00002fa0       ?compareIString@Win32TransService@@UAEHQBG0@Z 12003fa0 f   Win32TransService.obj
 0001:00002fc0       ?compareNIString@Win32TransService@@UAEHQBG0I@Z 12003fc0 f   Win32TransService.obj
 0001:00002fe0       ?getId@Win32TransService@@UBEPBGXZ 12003fe0 f   Win32TransService.obj
 0001:00002ff0       ?isSpace@Win32TransService@@UBE_NG@Z 12003ff0 f   Win32TransService.obj
 0001:00003010       ?makeNewLCPTranscoder@Win32TransService@@UAEPAVXMLLCPTranscoder@@XZ 12004010 f   Win32TransService.obj
 0001:00003060       ?isCDATASectionImpl@CDATASectionImpl@@UAE_NXZ 12004060 f   Win32TransService.obj
 0001:00003060       ?isAttrImpl@AttrImpl@@UAE_NXZ 12004060 f   Win32TransService.obj
 0001:00003060       ?isElementImpl@ElementImpl@@UAE_NXZ 12004060 f   Win32TransService.obj
 0001:00003060       ?isTextImpl@TextImpl@@UAE_NXZ 12004060 f   Win32TransService.obj
 0001:00003060       ?isEntityReference@EntityReferenceImpl@@UAE_NXZ 12004060 f   Win32TransService.obj
 0001:00003060       ?supportsSrcOfs@Win32TransService@@UBE_NXZ 12004060 f   Win32TransService.obj
 0001:00003060       ?requiresNamespaces@SchemaValidator@@UBE_NXZ 12004060 f   Win32TransService.obj
 0001:00003060       ?isDocumentFragmentImpl@DocumentFragmentImpl@@UAE_NXZ 12004060 f   Win32TransService.obj
 0001:00003060       ?isDocumentImpl@DocumentImpl@@UAE_NXZ 12004060 f   Win32TransService.obj
 0001:00003060       ?isDocumentTypeImpl@DocumentTypeImpl@@UAE_NXZ 12004060 f   Win32TransService.obj
 0001:00003070       ?upperCase@Win32TransService@@UBEXQAG@Z 12004070 f   Win32TransService.obj
 0001:00003080       ?isAlias@Win32TransService@@CA_NQAUHKEY__@@QADI@Z 12004080 f   Win32TransService.obj
 0001:000030b0       ?makeNewXMLTranscoder@Win32TransService@@MAEPAVXMLTranscoder@@QBGAAW4Codes@XMLTransService@@I@Z 120040b0 f   Win32TransService.obj
 0001:00003210       ??0Win32Transcoder@@QAE@QBGIII@Z 12004210 f   Win32TransService.obj
 0001:00003240       ??_EWin32Transcoder@@UAEPAXI@Z 12004240 f i Win32TransService.obj
 0001:000032a0       ??1Win32Transcoder@@UAE@XZ 120042a0 f   Win32TransService.obj
 0001:000032b0       ?transcodeFrom@Win32Transcoder@@UAEIQBEIQAGIAAIQAE@Z 120042b0 f   Win32TransService.obj
 0001:000033e0       ?transcodeTo@Win32Transcoder@@UAEIQBGIQAEIAAIW4UnRepOpts@XMLTranscoder@@@Z 120043e0 f   Win32TransService.obj
 0001:000034c0       ?canTranscodeTo@Win32Transcoder@@UBE_NI@Z 120044c0 f   Win32TransService.obj
 0001:00003540       ??0Win32LCPTranscoder@@QAE@XZ 12004540 f   Win32TransService.obj
 0001:00003560       ??_EWin32LCPTranscoder@@UAEPAXI@Z 12004560 f i Win32TransService.obj
 0001:000035c0       ??1Win32LCPTranscoder@@UAE@XZ 120045c0 f   Win32TransService.obj
 0001:000035d0       ?calcRequiredSize@Win32LCPTranscoder@@UAEIQBD@Z 120045d0 f   Win32TransService.obj
 0001:00003600       ?calcRequiredSize@Win32LCPTranscoder@@UAEIQBG@Z 12004600 f   Win32TransService.obj
 0001:00003630       ?transcode@Win32LCPTranscoder@@UAEPADQBG@Z 12004630 f   Win32TransService.obj
 0001:000036b0       ?transcode@Win32LCPTranscoder@@UAEPAGQBD@Z 120046b0 f   Win32TransService.obj
 0001:00003730       ?transcode@Win32LCPTranscoder@@UAE_NQBDQAGI@Z 12004730 f   Win32TransService.obj
 0001:00003780       ?transcode@Win32LCPTranscoder@@UAE_NQBGQADI@Z 12004780 f   Win32TransService.obj
 0001:000037e0       ?Initialize@BinHTTPURLInputStream@@CAXXZ 120047e0 f   BinHTTPURLInputStream.obj
 0001:00003a60       ?Cleanup@BinHTTPURLInputStream@@SAXXZ 12004a60 f   BinHTTPURLInputStream.obj
 0001:00003b00       ?gethostbyname@BinHTTPURLInputStream@@CAPAUhostent@@PBD@Z 12004b00 f i BinHTTPURLInputStream.obj
 0001:00003b10       ?inet_addr@BinHTTPURLInputStream@@CAKPBD@Z 12004b10 f i BinHTTPURLInputStream.obj
 0001:00003b20       ?gethostbyaddr@BinHTTPURLInputStream@@CAPAUhostent@@PBDHH@Z 12004b20 f i BinHTTPURLInputStream.obj
 0001:00003b40       ?htons@BinHTTPURLInputStream@@CAGG@Z 12004b40 f i BinHTTPURLInputStream.obj
 0001:00003b50       ?socket@BinHTTPURLInputStream@@CAGHHH@Z 12004b50 f i BinHTTPURLInputStream.obj
 0001:00003b70       ?connect@BinHTTPURLInputStream@@CAHGPBUsockaddr@@H@Z 12004b70 f i BinHTTPURLInputStream.obj
 0001:00003b90       ?send@BinHTTPURLInputStream@@CAHGPBDHH@Z 12004b90 f i BinHTTPURLInputStream.obj
 0001:00003bb0       ?recv@BinHTTPURLInputStream@@CAHGPADHH@Z 12004bb0 f i BinHTTPURLInputStream.obj
 0001:00003bd0       ?shutdown@BinHTTPURLInputStream@@CAHIH@Z 12004bd0 f i BinHTTPURLInputStream.obj
 0001:00003bf0       ?closesocket@BinHTTPURLInputStream@@CAHI@Z 12004bf0 f i BinHTTPURLInputStream.obj
 0001:00003c00       ??0BinHTTPURLInputStream@@QAE@ABVXMLURL@@@Z 12004c00 f   BinHTTPURLInputStream.obj
 0001:000043c0       ??_EBinHTTPURLInputStream@@UAEPAXI@Z 120053c0 f i BinHTTPURLInputStream.obj
 0001:00004420       ??1BinHTTPURLInputStream@@UAE@XZ 12005420 f   BinHTTPURLInputStream.obj
 0001:00004480       ?readBytes@BinHTTPURLInputStream@@UAEIQAEI@Z 12005480 f   BinHTTPURLInputStream.obj
 0001:00004520       ??0WinSockNetAccessor@@QAE@XZ 12005520 f   WinSockNetAccessor.obj
 0001:00004530       ??_EWinSockNetAccessor@@UAEPAXI@Z 12005530 f i WinSockNetAccessor.obj
 0001:00004590       ??1WinSockNetAccessor@@UAE@XZ 12005590 f   WinSockNetAccessor.obj
 0001:000045e0       ?makeNew@WinSockNetAccessor@@UAEPAVBinInputStream@@ABVXMLURL@@@Z 120055e0 f   WinSockNetAccessor.obj
 0001:00004690       ?getOpType@Op@@QBEFXZ      12005690 f i ASCIIRangeFactory.obj
 0001:00004690       ?getTokenType@Token@@QBEGXZ 12005690 f i ASCIIRangeFactory.obj
 0001:000046a0       ?getString@Token@@UBEPBGXZ 120056a0 f i ASCIIRangeFactory.obj
 0001:000046a0       ?size@Token@@UBEHXZ        120056a0 f i ASCIIRangeFactory.obj
 0001:000046a0       ?getNoParen@Token@@UBEHXZ  120056a0 f i ASCIIRangeFactory.obj
 0001:000046a0       ?getContentLeafNameTypeVector@AllContentModel@@UBEPAVContentLeafNameTypeVector@@XZ 120056a0 f i ASCIIRangeFactory.obj
 0001:000046a0       ?getGrammarType@DTDGrammar@@UAE?AW4GrammarType@Grammar@@XZ 120056a0 f i ASCIIRangeFactory.obj
 0001:000046a0       ?getContentLeafNameTypeVector@MixedContentModel@@UBEPAVContentLeafNameTypeVector@@XZ 120056a0 f i ASCIIRangeFactory.obj
 0001:000046a0       ?getReferenceNo@Token@@UBEHXZ 120056a0 f i ASCIIRangeFactory.obj
 0001:000046b0       ?getChild@Token@@UBEPAV1@H@Z 120056b0 f i ASCIIRangeFactory.obj
 0001:000046c0       ?getMin@Token@@UBEHXZ      120056c0 f i ASCIIRangeFactory.obj
 0001:000046c0       ?getMax@Token@@UBEHXZ      120056c0 f i ASCIIRangeFactory.obj
 0001:000046c0       ?getChar@Token@@UBEHXZ     120056c0 f i ASCIIRangeFactory.obj
 0001:000046d0       ?setTokenType@Token@@QAEXG@Z 120056d0 f i ASCIIRangeFactory.obj
 0001:000046d0       ?setOpType@Op@@QAEXF@Z     120056d0 f i ASCIIRangeFactory.obj
 0001:000046e0       ?isSet@RegularExpression@@AAE_NHH@Z 120056e0 f i ASCIIRangeFactory.obj
 0001:000046e0       ?isSet@Token@@AAE_NHI@Z    120056e0 f i ASCIIRangeFactory.obj
 0001:00004700       ?addChild@Token@@UAEXQAV1@QAVTokenFactory@@@Z 12005700 f i ASCIIRangeFactory.obj
 0001:00004730       ?addRange@Token@@UAEXHH@Z  12005730 f i ASCIIRangeFactory.obj
 0001:00004760       ?mergeRanges@Token@@UAEXQBV1@@Z 12005760 f i ASCIIRangeFactory.obj
 0001:00004790       ?sortRanges@Token@@UAEXXZ  12005790 f i ASCIIRangeFactory.obj
 0001:000047c0       ?compactRanges@Token@@UAEXXZ 120057c0 f i ASCIIRangeFactory.obj
 0001:000047f0       ?subtractRanges@Token@@UAEXQAVRangeToken@@@Z 120057f0 f i ASCIIRangeFactory.obj
 0001:00004820       ?intersectRanges@Token@@UAEXQAVRangeToken@@@Z 12005820 f i ASCIIRangeFactory.obj
 0001:00004850       ??_FXMLStringPool@@QAEXXZ  12005850 f i ASCIIRangeFactory.obj
 0001:00004860       ?getRangeToken@RangeTokenElemMap@@QBEPAVRangeToken@@_N@Z 12005860 f i ASCIIRangeFactory.obj
 0001:00004880       ?setRangeToken@RangeTokenElemMap@@QAEXQAVRangeToken@@_N@Z 12005880 f i ASCIIRangeFactory.obj
 0001:000048a0       ??0ASCIIRangeFactory@@QAE@XZ 120058a0 f   ASCIIRangeFactory.obj
 0001:000048c0       ??_EASCIIRangeFactory@@UAEPAXI@Z 120058c0 f i ASCIIRangeFactory.obj
 0001:00004920       ??1ASCIIRangeFactory@@UAE@XZ 12005920 f   ASCIIRangeFactory.obj
 0001:00004930       ?buildRanges@ASCIIRangeFactory@@MAEXXZ 12005930 f   ASCIIRangeFactory.obj
 0001:00004a80       ?initializeKeywordMap@ASCIIRangeFactory@@UAEXXZ 12005a80 f   ASCIIRangeFactory.obj
 0001:00004af0       ??0BlockRangeFactory@@QAE@XZ 12005af0 f   BlockRangeFactory.obj
 0001:00004b10       ??_EBlockRangeFactory@@UAEPAXI@Z 12005b10 f i BlockRangeFactory.obj
 0001:00004b70       ??1BlockRangeFactory@@UAE@XZ 12005b70 f   BlockRangeFactory.obj
 0001:00004b80       ?buildRanges@BlockRangeFactory@@MAEXXZ 12005b80 f   BlockRangeFactory.obj
 0001:00004c80       ?initializeKeywordMap@BlockRangeFactory@@UAEXXZ 12005c80 f   BlockRangeFactory.obj
 0001:00004cc0       ?cleanUp@BMPattern@@AAEXXZ 12005cc0 f i BMPattern.obj
 0001:00004cf0       ??0BMPattern@@QAE@QBG_N@Z  12005cf0 f   BMPattern.obj
 0001:00004dc0       ??0BMPattern@@QAE@QBGH_N@Z 12005dc0 f   BMPattern.obj
 0001:00004e90       ??1BMPattern@@QAE@XZ       12005e90 f   BMPattern.obj
 0001:00004ec0       ?matches@BMPattern@@QAEHQBGHH@Z 12005ec0 f   BMPattern.obj
 0001:00005060       ?initialize@BMPattern@@AAEXXZ 12006060 f   BMPattern.obj
 0001:000051f0       ?match@CharToken@@QAE_NH@Z 120061f0 f i CharToken.obj
 0001:00005210       ??0CharToken@@QAE@GH@Z     12006210 f   CharToken.obj
 0001:00005230       ??_ECharToken@@UAEPAXI@Z   12006230 f i CharToken.obj
 0001:00005290       ??1CharToken@@UAE@XZ       12006290 f   CharToken.obj
 0001:000052a0       ?getChild@ClosureToken@@UBEPAVToken@@H@Z 120062a0 f i ClosureToken.obj
 0001:000052a0       ?getChild@ModifierToken@@UBEPAVToken@@H@Z 120062a0 f i ClosureToken.obj
 0001:000052b0       ??0ClosureToken@@QAE@GQAVToken@@@Z 120062b0 f   ClosureToken.obj
 0001:000052e0       ??_EClosureToken@@UAEPAXI@Z 120062e0 f i ClosureToken.obj
 0001:00005340       ??1ClosureToken@@UAE@XZ    12006340 f   ClosureToken.obj
 0001:00005350       ?size@ConcatToken@@UBEHXZ  12006350 f i ConcatToken.obj
 0001:00005360       ?getChild@ConcatToken@@UBEPAVToken@@H@Z 12006360 f i ConcatToken.obj
 0001:00005380       ??0ConcatToken@@QAE@QAVToken@@0@Z 12006380 f   ConcatToken.obj
 0001:000053b0       ??_EConcatToken@@UAEPAXI@Z 120063b0 f i ConcatToken.obj
 0001:00005410       ??1ConcatToken@@UAE@XZ     12006410 f   ConcatToken.obj
 0001:00005420       ?size@ConditionToken@@UBEHXZ 12006420 f i ConditionToken.obj
 0001:00005430       ?getChild@ConditionToken@@UBEPAVToken@@H@Z 12006430 f i ConditionToken.obj
 0001:00005480       ??0ConditionToken@@QAE@IQAVToken@@00@Z 12006480 f   ConditionToken.obj
 0001:000054c0       ??_EConditionToken@@UAEPAXI@Z 120064c0 f i ConditionToken.obj
 0001:00005520       ??1ConditionToken@@UAE@XZ  12006520 f   ConditionToken.obj
 0001:00005530       ?getNoGroups@Match@@QBEHXZ 12006530 f i Match.obj
 0001:00005570       ?getStartPos@Match@@QBEHH@Z 12006570 f i Match.obj
 0001:000055e0       ?getEndPos@Match@@QBEHH@Z  120065e0 f i Match.obj
 0001:00005650       ?setStartPos@Match@@QAEXHH@Z 12006650 f i Match.obj
 0001:000056c0       ?setEndPos@Match@@QAEXHH@Z 120066c0 f i Match.obj
 0001:00005730       ??0KVStringPair@@QAE@XZ    12006730 f   Match.obj
 0001:00005730       ??0Match@@QAE@XZ           12006730 f   Match.obj
 0001:00005740       ?setNoGroups@Match@@QAEXH@Z 12006740 f   Match.obj
 0001:000057c0       ?cleanUp@Match@@AAEXXZ     120067c0 f   Match.obj
 0001:000057c0       ??1Match@@QAE@XZ           120067c0 f   Match.obj
 0001:000057f0       ??0ModifierToken@@QAE@QAVToken@@HH@Z 120067f0 f   ModifierToken.obj
 0001:00005820       ??_EModifierToken@@UAEPAXI@Z 12006820 f i ModifierToken.obj
 0001:00005880       ??1ModifierToken@@UAE@XZ   12006880 f   ModifierToken.obj
 0001:00005890       ??_EOp@@UAEPAXI@Z          12006890 f i Op.obj
 0001:000058f0       ??_ERangeOp@@UAEPAXI@Z     120068f0 f i Op.obj
 0001:000058f0       ??_ECharOp@@UAEPAXI@Z      120068f0 f i Op.obj
 0001:000058f0       ??_EChildOp@@UAEPAXI@Z     120068f0 f i Op.obj
 0001:00005950       ??1UnionOp@@UAE@XZ         12006950 f i Op.obj
 0001:000059f0       ??_EUnionOp@@UAEPAXI@Z     120069f0 f i Op.obj
 0001:00005a50       ??_EModifierOp@@UAEPAXI@Z  12006a50 f i Op.obj
 0001:00005ab0       ??1StringOp@@UAE@XZ        12006ab0 f i Op.obj
 0001:00005b00       ??_EStringOp@@UAEPAXI@Z    12006b00 f i Op.obj
 0001:00005b60       ??1Op@@UAE@XZ              12006b60 f i Op.obj
 0001:00005b60       ??1CharOp@@UAE@XZ          12006b60 f i Op.obj
 0001:00005b60       ??1ConditionOp@@UAE@XZ     12006b60 f i Op.obj
 0001:00005b60       ??1RangeOp@@UAE@XZ         12006b60 f i Op.obj
 0001:00005b60       ??1ChildOp@@UAE@XZ         12006b60 f i Op.obj
 0001:00005b60       ??1ModifierOp@@UAE@XZ      12006b60 f i Op.obj
 0001:00005b70       ??_EConditionOp@@UAEPAXI@Z 12006b70 f i Op.obj
 0001:00005bd0       ??0Op@@IAE@F@Z             12006bd0 f   Op.obj
 0001:00005bf0       ?getSize@Op@@UBEHXZ        12006bf0 f   Op.obj
 0001:00005c20       ?getData@Op@@UBEHXZ        12006c20 f   Op.obj
 0001:00005c50       ?getData2@Op@@UBEHXZ       12006c50 f   Op.obj
 0001:00005c80       ?getRefNo@Op@@UBEHXZ       12006c80 f   Op.obj
 0001:00005cb0       ?elementAt@Op@@UBEPBV1@H@Z 12006cb0 f   Op.obj
 0001:00005ce0       ?getChild@Op@@UBEPBV1@XZ   12006ce0 f   Op.obj
 0001:00005d10       ?getConditionFlow@Op@@UBEPBV1@XZ 12006d10 f   Op.obj
 0001:00005d40       ?getYesFlow@Op@@UBEPBV1@XZ 12006d40 f   Op.obj
 0001:00005d70       ?getNoFlow@Op@@UBEPBV1@XZ  12006d70 f   Op.obj
 0001:00005da0       ?getLiteral@Op@@UBEPBGXZ   12006da0 f   Op.obj
 0001:00005dd0       ?getToken@Op@@UBEPBVToken@@XZ 12006dd0 f   Op.obj
 0001:00005e00       ??0CharOp@@QAE@FH@Z        12006e00 f   Op.obj
 0001:00005e30       ??0UnionOp@@QAE@FH@Z       12006e30 f   Op.obj
 0001:00005ee0       ?getSize@UnionOp@@UBEHXZ   12006ee0 f   Op.obj
 0001:00005ef0       ?elementAt@UnionOp@@UBEPBVOp@@H@Z 12006ef0 f   Op.obj
 0001:00005f40       ?addElement@UnionOp@@QAEXQAVOp@@@Z 12006f40 f   Op.obj
 0001:00005fd0       ??0ChildOp@@QAE@F@Z        12006fd0 f   Op.obj
 0001:00005ff0       ??0ModifierOp@@QAE@FHH@Z   12006ff0 f   Op.obj
 0001:00006020       ??0RangeOp@@QAE@FQBVToken@@@Z 12007020 f   Op.obj
 0001:00006050       ??0StringOp@@QAE@FQBG@Z    12007050 f   Op.obj
 0001:000060f0       ??0ConditionOp@@QAE@FHQBVOp@@00@Z 120070f0 f   Op.obj
 0001:00006130       ?reset@OpFactory@@QAEXXZ   12007130 f i OpFactory.obj
 0001:00006170       ??0OpFactory@@QAE@XZ       12007170 f   OpFactory.obj
 0001:00006200       ??1OpFactory@@QAE@XZ       12007200 f   OpFactory.obj
 0001:00006260       ?createDotOp@OpFactory@@QAEPAVOp@@XZ 12007260 f   OpFactory.obj
 0001:00006340       ?createCharOp@OpFactory@@QAEPAVCharOp@@H@Z 12007340 f   OpFactory.obj
 0001:00006420       ?createAnchorOp@OpFactory@@QAEPAVCharOp@@H@Z 12007420 f   OpFactory.obj
 0001:00006500       ?createCaptureOp@OpFactory@@QAEPAVCharOp@@HQBVOp@@@Z 12007500 f   OpFactory.obj
 0001:000065f0       ?createUnionOp@OpFactory@@QAEPAVUnionOp@@H@Z 120075f0 f   OpFactory.obj
 0001:000066d0       ?createClosureOp@OpFactory@@QAEPAVChildOp@@H@Z 120076d0 f   OpFactory.obj
 0001:000067b0       ?createNonGreedyClosureOp@OpFactory@@QAEPAVChildOp@@XZ 120077b0 f   OpFactory.obj
 0001:00006890       ?createQuestionOp@OpFactory@@QAEPAVChildOp@@_N@Z 12007890 f   OpFactory.obj
 0001:00006980       ?createRangeOp@OpFactory@@QAEPAVRangeOp@@QBVToken@@@Z 12007980 f   OpFactory.obj
 0001:00006a60       ?createLookOp@OpFactory@@QAEPAVChildOp@@FQBVOp@@0@Z 12007a60 f   OpFactory.obj
 0001:00006b60       ?createBackReferenceOp@OpFactory@@QAEPAVCharOp@@H@Z 12007b60 f   OpFactory.obj
 0001:00006c40       ?createStringOp@OpFactory@@QAEPAVStringOp@@QBG@Z 12007c40 f   OpFactory.obj
 0001:00006d20       ?createIndependentOp@OpFactory@@QAEPAVChildOp@@QBVOp@@0@Z 12007d20 f   OpFactory.obj
 0001:00006e20       ?createModifierOp@OpFactory@@QAEPAVModifierOp@@QBVOp@@0HH@Z 12007e20 f   OpFactory.obj
 0001:00006ea0       ?createConditionOp@OpFactory@@QAEPAVConditionOp@@QBVOp@@H000@Z 12007ea0 f   OpFactory.obj
 0001:00006f20       ?getChild@ParenToken@@UBEPAVToken@@H@Z 12007f20 f i ParenToken.obj
 0001:00006f30       ??0ParenToken@@QAE@GQAVToken@@H@Z 12007f30 f   ParenToken.obj
 0001:00006f60       ??_EParenToken@@UAEPAXI@Z  12007f60 f i ParenToken.obj
 0001:00006fc0       ??1ParenToken@@UAE@XZ      12007fc0 f   ParenToken.obj
 0001:00006fd0       ?getParseContext@RegxParser@@QBEGXZ 12007fd0 f i ParserForXMLSchema.obj
 0001:00006fe0       ?getState@RegxParser@@QBEGXZ 12007fe0 f i ParserForXMLSchema.obj
 0001:00006ff0       ?hasBackReferences@RegxParser@@QBE_NXZ 12007ff0 f i ParserForXMLSchema.obj
 0001:00007000       ?setParseContext@RegxParser@@QAEXG@Z 12008000 f i ParserForXMLSchema.obj
 0001:00007010       ?isSet@RegxParser@@AAE_NH@Z 12008010 f i ParserForXMLSchema.obj
 0001:00007030       ?hexChar@RegxParser@@AAEHH@Z 12008030 f i ParserForXMLSchema.obj
 0001:00007070       ?size@UnionToken@@UBEHXZ   12008070 f i ParserForXMLSchema.obj
 0001:00007080       ?getChild@UnionToken@@UBEPAVToken@@H@Z 12008080 f i ParserForXMLSchema.obj
 0001:00007080       ?getMatcherAt@XPathMatcherStack@@QBEPAVXPathMatcher@@I@Z 12008080 f i ParserForXMLSchema.obj
 0001:00007080       ?elementAt@XercesGroupInfo@@QBEPBVSchemaElementDecl@@I@Z 12008080 f i ParserForXMLSchema.obj
 0001:00007080       ?elementAt@XercesGroupInfo@@QAEPAVSchemaElementDecl@@I@Z 12008080 f i ParserForXMLSchema.obj
 0001:000070d0       ??0ParseException@@QAE@QBDIW4Codes@XMLExcepts@@@Z 120080d0 f i ParserForXMLSchema.obj
 0001:00007130       ??0ParseException@@QAE@ABV0@@Z 12008130 f i ParserForXMLSchema.obj
 0001:00007150       ??0ParseException@@QAE@QBDIW4Codes@XMLExcepts@@QBG222@Z 12008150 f i ParserForXMLSchema.obj
 0001:000071c0       ??0ParseException@@QAE@QBDIW4Codes@XMLExcepts@@0000@Z 120081c0 f i ParserForXMLSchema.obj
 0001:00007230       ??1ParseException@@UAE@XZ  12008230 f i ParserForXMLSchema.obj
 0001:00007240       ?duplicate@ParseException@@UBEPAVXMLException@@XZ 12008240 f i ParserForXMLSchema.obj
 0001:000072a0       ?getType@ParseException@@UBEPBGXZ 120082a0 f i ParserForXMLSchema.obj
 0001:000072b0       ??_EParseException@@UAEPAXI@Z 120082b0 f i ParserForXMLSchema.obj
 0001:00007310       ??0ParserForXMLSchema@@QAE@XZ 12008310 f   ParserForXMLSchema.obj
 0001:00007330       ??_EParserForXMLSchema@@UAEPAXI@Z 12008330 f i ParserForXMLSchema.obj
 0001:00007390       ??1ParserForXMLSchema@@UAE@XZ 12008390 f   ParserForXMLSchema.obj
 0001:000073a0       ?processCaret@ParserForXMLSchema@@MAEPAVToken@@XZ 120083a0 f   ParserForXMLSchema.obj
 0001:000073c0       ?processDollar@ParserForXMLSchema@@MAEPAVToken@@XZ 120083c0 f   ParserForXMLSchema.obj
 0001:000073e0       ?processPlus@ParserForXMLSchema@@MAEPAVToken@@QAV2@@Z 120083e0 f   ParserForXMLSchema.obj
 0001:00007410       ?processStar@ParserForXMLSchema@@MAEPAVToken@@QAV2@@Z 12008410 f   ParserForXMLSchema.obj
 0001:00007430       ?processQuestion@ParserForXMLSchema@@MAEPAVToken@@QAV2@@Z 12008430 f   ParserForXMLSchema.obj
 0001:00007470       ?processParen@ParserForXMLSchema@@MAEPAVToken@@XZ 12008470 f   ParserForXMLSchema.obj
 0001:000074d0       ?parseCharacterClass@ParserForXMLSchema@@MAEPAVRangeToken@@_N@Z 120084d0 f   ParserForXMLSchema.obj
 0001:00007920       ?processCInCharacterClass@ParserForXMLSchema@@MAEHQAVRangeToken@@H@Z 12008920 f   ParserForXMLSchema.obj
 0001:00007940       ?processLook@ParserForXMLSchema@@MAEPAVToken@@G@Z 12008940 f   ParserForXMLSchema.obj
 0001:00007970       ?processBacksolidus_A@ParserForXMLSchema@@MAEPAVToken@@XZ 12008970 f   ParserForXMLSchema.obj
 0001:000079a0       ?processBacksolidus_B@ParserForXMLSchema@@MAEPAVToken@@XZ 120089a0 f   ParserForXMLSchema.obj
 0001:000079d0       ?processBacksolidus_b@ParserForXMLSchema@@MAEPAVToken@@XZ 120089d0 f   ParserForXMLSchema.obj
 0001:00007a00       ?processBacksolidus_C@ParserForXMLSchema@@MAEPAVToken@@XZ 12008a00 f   ParserForXMLSchema.obj
 0001:00007a20       ?processBacksolidus_c@ParserForXMLSchema@@MAEPAVToken@@XZ 12008a20 f   ParserForXMLSchema.obj
 0001:00007a40       ?processBacksolidus_g@ParserForXMLSchema@@MAEPAVToken@@XZ 12008a40 f   ParserForXMLSchema.obj
 0001:00007a70       ?processBacksolidus_gt@ParserForXMLSchema@@MAEPAVToken@@XZ 12008a70 f   ParserForXMLSchema.obj
 0001:00007aa0       ?processBacksolidus_I@ParserForXMLSchema@@MAEPAVToken@@XZ 12008aa0 f   ParserForXMLSchema.obj
 0001:00007ac0       ?processBacksolidus_i@ParserForXMLSchema@@MAEPAVToken@@XZ 12008ac0 f   ParserForXMLSchema.obj
 0001:00007ae0       ?processBacksolidus_lt@ParserForXMLSchema@@MAEPAVToken@@XZ 12008ae0 f   ParserForXMLSchema.obj
 0001:00007b10       ?processBacksolidus_X@ParserForXMLSchema@@MAEPAVToken@@XZ 12008b10 f   ParserForXMLSchema.obj
 0001:00007b40       ?processBacksolidus_Z@ParserForXMLSchema@@MAEPAVToken@@XZ 12008b40 f   ParserForXMLSchema.obj
 0001:00007b70       ?processBacksolidus_z@ParserForXMLSchema@@MAEPAVToken@@XZ 12008b70 f   ParserForXMLSchema.obj
 0001:00007ba0       ?processBackReference@ParserForXMLSchema@@MAEPAVToken@@XZ 12008ba0 f   ParserForXMLSchema.obj
 0001:00007bd0       ?processCondition@ParserForXMLSchema@@MAEPAVToken@@XZ 12008bd0 f   ParserForXMLSchema.obj
 0001:00007c00       ?processIndependent@ParserForXMLSchema@@MAEPAVToken@@XZ 12008c00 f   ParserForXMLSchema.obj
 0001:00007c30       ?processModifiers@ParserForXMLSchema@@MAEPAVToken@@XZ 12008c30 f   ParserForXMLSchema.obj
 0001:00007c60       ?processParen2@ParserForXMLSchema@@MAEPAVToken@@XZ 12008c60 f   ParserForXMLSchema.obj
 0001:00007c90       ?parseSetOperations@ParserForXMLSchema@@MAEPAVRangeToken@@XZ 12008c90 f   ParserForXMLSchema.obj
 0001:00007cc0       ?getTokenForShorthand@ParserForXMLSchema@@MAEPAVToken@@H@Z 12008cc0 f   ParserForXMLSchema.obj
 0001:00007e00       ?checkQuestion@ParserForXMLSchema@@MAE_NH@Z 12008e00 f   ParserForXMLSchema.obj
 0001:00007e10       ?decodeEscaped@ParserForXMLSchema@@MAEHXZ 12008e10 f   ParserForXMLSchema.obj
 0001:00007f30       ??0RangeFactory@@IAE@XZ    12008f30 f   RangeFactory.obj
 0001:00007f40       ??_ERangeFactory@@UAEPAXI@Z 12008f40 f i RangeFactory.obj
 0001:00007fa0       ??1RangeFactory@@UAE@XZ    12008fa0 f   RangeFactory.obj
 0001:00007fb0       ??0RangeToken@@QAE@G@Z     12008fb0 f   RangeToken.obj
 0001:00007ff0       ??_ERangeToken@@UAEPAXI@Z  12008ff0 f i RangeToken.obj
 0001:00008050       ??1RangeToken@@UAE@XZ      12009050 f   RangeToken.obj
 0001:000080b0       ?getCaseInsensitiveToken@RangeToken@@QAEPAV1@QAVTokenFactory@@@Z 120090b0 f   RangeToken.obj
 0001:000080f0       ?addRange@RangeToken@@UAEXHH@Z 120090f0 f   RangeToken.obj
 0001:00008230       ?sortRanges@RangeToken@@UAEXXZ 12009230 f   RangeToken.obj
 0001:000082e0       ?compactRanges@RangeToken@@UAEXXZ 120092e0 f   RangeToken.obj
 0001:000083e0       ?mergeRanges@RangeToken@@UAEXQBVToken@@@Z 120093e0 f   RangeToken.obj
 0001:000085c0       ?subtractRanges@RangeToken@@UAEXQAV1@@Z 120095c0 f   RangeToken.obj
 0001:00008760       ?intersectRanges@RangeToken@@UAEXQAV1@@Z 12009760 f   RangeToken.obj
 0001:000088c0       ?complementRanges@RangeToken@@SAPAVToken@@QAV1@QAVTokenFactory@@@Z 120098c0 f   RangeToken.obj
 0001:00008990       ?match@RangeToken@@QAE_NH@Z 12009990 f   RangeToken.obj
 0001:00008a90       ?expand@RangeToken@@AAEXI@Z 12009a90 f   RangeToken.obj
 0001:00008b20       ?createMap@RangeToken@@AAEXXZ 12009b20 f   RangeToken.obj
 0001:00008bc0       ??0RangeTokenElemMap@@QAE@I@Z 12009bc0 f   RangeTokenMap.obj
 0001:00008be0       ??0RangeTokenMap@@IAE@XZ   12009be0 f   RangeTokenMap.obj
 0001:00008c10       ??_ERangeTokenMap@@UAEPAXI@Z 12009c10 f i RangeTokenMap.obj
 0001:00008c70       ??1RangeTokenMap@@UAE@XZ   12009c70 f   RangeTokenMap.obj
 0001:00008df0       ?getRange@RangeTokenMap@@IAEPAVRangeToken@@QBG_N@Z 12009df0 f   RangeTokenMap.obj
 0001:00008f70       ?addCategory@RangeTokenMap@@QAEXQBG@Z 12009f70 f   RangeTokenMap.obj
 0001:00008f90       ?addRangeMap@RangeTokenMap@@QAEXQBGQAVRangeFactory@@@Z 12009f90 f   RangeTokenMap.obj
 0001:00008fb0       ?addKeywordMap@RangeTokenMap@@QAEXQBG0@Z 12009fb0 f   RangeTokenMap.obj
 0001:000091d0       ?setRangeToken@RangeTokenMap@@QAEXQBGQAVRangeToken@@_N@Z 1200a1d0 f   RangeTokenMap.obj
 0001:00009310       ?initializeRegistry@RangeTokenMap@@AAEXXZ 1200a310 f   RangeTokenMap.obj
 0001:000094c0       ?instance@RangeTokenMap@@SAPAV1@XZ 1200a4c0 f   RangeTokenMap.obj
 0001:000095f0       ?reinitInstance@RangeTokenMap@@SAXXZ 1200a5f0 f   RangeTokenMap.obj
 0001:00009610       ?put@?$RefHashTableOf@VRangeFactory@@@@QAEXPAXQAVRangeFactory@@@Z 1200a610 f i RangeTokenMap.obj
 0001:00009710       ??_G?$NameIdPoolBucketElem@VXMLNotationDecl@@@@QAEPAXI@Z 1200a710 f i RangeTokenMap.obj
 0001:00009710       ??_GRangeTokenElemMap@@QAEPAXI@Z 1200a710 f i RangeTokenMap.obj
 0001:00009730       ?cleanUp@RegularExpression@@AAEXXZ 1200a730 f i RegularExpression.obj
 0001:000097c0       ?compileLook@RegularExpression@@AAEPAVOp@@QBVToken@@QBV2@_NG@Z 1200a7c0 f i RegularExpression.obj
 0001:000098b0       ?compileSingle@RegularExpression@@AAEPAVOp@@QBVToken@@QAV2@G@Z 1200a8b0 f i RegularExpression.obj
 0001:00009990       ?compileUnion@RegularExpression@@AAEPAVOp@@QBVToken@@QAV2@_N@Z 1200a990 f i RegularExpression.obj
 0001:000099f0       ?compileCondition@RegularExpression@@AAEPAVOp@@QBVToken@@QAV2@_N@Z 1200a9f0 f i RegularExpression.obj
 0001:00009a90       ?compileParenthesis@RegularExpression@@AAEPAVOp@@QBVToken@@QAV2@_N@Z 1200aa90 f i RegularExpression.obj
 0001:00009b60       ?compileConcat@RegularExpression@@AAEPAVOp@@QBVToken@@QAV2@_N@Z 1200ab60 f i RegularExpression.obj
 0001:00009be0       ?compileClosure@RegularExpression@@AAEPAVOp@@QBVToken@@QAV2@_NG@Z 1200abe0 f i RegularExpression.obj
 0001:00009d10       ?matchUnion@RegularExpression@@AAEHQAVContext@1@QBVOp@@HF@Z 1200ad10 f i RegularExpression.obj
 0001:00009d70       ?matchModifier@RegularExpression@@AAEHQAVContext@1@QBVOp@@HF@Z 1200ad70 f i RegularExpression.obj
 0001:00009dc0       ?getWordType@RegularExpression@@AAEGQBGHHH@Z 1200adc0 f i RegularExpression.obj
 0001:00009df0       ?getPreviousWordType@RegularExpression@@AAEGQBGHHH@Z 1200adf0 f i RegularExpression.obj
 0001:00009e60       ?matchIgnoreCase@RegularExpression@@AAE_NHH@Z 1200ae60 f i RegularExpression.obj
 0001:00009e80       ?isEOLChar@RegxUtil@@SA_NG@Z 1200ae80 f i RegularExpression.obj
 0001:00009eb0       ?composeFromSurrogate@RegxUtil@@SAHGG@Z 1200aeb0 f i RegularExpression.obj
 0001:00009ed0       ?isLowSurrogate@RegxUtil@@SA_NG@Z 1200aed0 f i RegularExpression.obj
 0001:00009ef0       ?isHighSurrogate@RegxUtil@@SA_NG@Z 1200aef0 f i RegularExpression.obj
 0001:00009f10       ?isWordChar@RegxUtil@@SA_NG@Z 1200af10 f i RegularExpression.obj
 0001:00009f50       ??1Context@RegularExpression@@QAE@XZ 1200af50 f   RegularExpression.obj
 0001:00009f90       ?reset@Context@RegularExpression@@QAEXQBGHHH@Z 1200af90 f   RegularExpression.obj
 0001:0000a080       ?nextCh@Context@RegularExpression@@QAE_NAAH0F@Z 1200b080 f   RegularExpression.obj
 0001:0000a160       ??0RegularExpression@@QAE@QBD@Z 1200b160 f   RegularExpression.obj
 0001:0000a2a0       ??0RegularExpression@@QAE@QBD0@Z 1200b2a0 f   RegularExpression.obj
 0001:0000a400       ??0RegularExpression@@QAE@QBG@Z 1200b400 f   RegularExpression.obj
 0001:0000a520       ??0RegularExpression@@QAE@QBG0@Z 1200b520 f   RegularExpression.obj
 0001:0000a640       ??1RegularExpression@@QAE@XZ 1200b640 f   RegularExpression.obj
 0001:0000a720       ?setPattern@RegularExpression@@AAEXQBG0@Z 1200b720 f   RegularExpression.obj
 0001:0000a910       ?matches@RegularExpression@@QAE_NQBD@Z 1200b910 f   RegularExpression.obj
 0001:0000a9a0       ?matches@RegularExpression@@QAE_NQBDHH@Z 1200b9a0 f   RegularExpression.obj
 0001:0000aa20       ?matches@RegularExpression@@QAE_NQBDQAVMatch@@@Z 1200ba20 f   RegularExpression.obj
 0001:0000aac0       ?matches@RegularExpression@@QAE_NQBDHHQAVMatch@@@Z 1200bac0 f   RegularExpression.obj
 0001:0000ab40       ?matches@RegularExpression@@QAE_NQBG@Z 1200bb40 f   RegularExpression.obj
 0001:0000ab90       ?matches@RegularExpression@@QAE_NQBGHH@Z 1200bb90 f   RegularExpression.obj
 0001:0000abb0       ?matches@RegularExpression@@QAE_NQBGQAVMatch@@@Z 1200bbb0 f   RegularExpression.obj
 0001:0000ac00       ?matches@RegularExpression@@QAE_NQBGHHQAVMatch@@@Z 1200bc00 f   RegularExpression.obj
 0001:0000b400       ?getOptionValue@RegularExpression@@SAHG@Z 1200c400 f   RegularExpression.obj
 0001:0000b4e0       ?match@RegularExpression@@AAEHQAVContext@1@QBVOp@@HF@Z 1200c4e0 f   RegularExpression.obj
 0001:0000bb90       ?matchChar@RegularExpression@@AAE_NQAVContext@1@HAAHF_N@Z 1200cb90 f   RegularExpression.obj
 0001:0000bc10       ?matchDot@RegularExpression@@AAE_NQAVContext@1@AAHF@Z 1200cc10 f   RegularExpression.obj
 0001:0000bcc0       ?matchRange@RegularExpression@@AAE_NQAVContext@1@QBVOp@@AAHF_N@Z 1200ccc0 f   RegularExpression.obj
 0001:0000bd50       ?matchAnchor@RegularExpression@@AAE_NQAVContext@1@HH@Z 1200cd50 f   RegularExpression.obj
 0001:0000c270       ?matchBackReference@RegularExpression@@AAE_NQAVContext@1@HAAHF_N@Z 1200d270 f   RegularExpression.obj
 0001:0000c4c0       ?matchString@RegularExpression@@AAE_NQAVContext@1@QBGAAHF_N@Z 1200d4c0 f   RegularExpression.obj
 0001:0000c560       ?matchCapture@RegularExpression@@AAEHQAVContext@1@QBVOp@@HF@Z 1200d560 f   RegularExpression.obj
 0001:0000c820       ?matchCondition@RegularExpression@@AAE_NQAVContext@1@QBVOp@@HF@Z 1200d820 f   RegularExpression.obj
 0001:0000c940       ?parseOptions@RegularExpression@@AAEHQBG@Z 1200d940 f   RegularExpression.obj
 0001:0000cab0       ?compile@RegularExpression@@AAEXQBVToken@@@Z 1200dab0 f   RegularExpression.obj
 0001:0000cae0       ?compile@RegularExpression@@AAEPAVOp@@QBVToken@@QAV2@_N@Z 1200dae0 f   RegularExpression.obj
 0001:0000cea0       ?prepare@RegularExpression@@AAEXXZ 1200dea0 f   RegularExpression.obj
 0001:0000d1b0       ?getCharType@RegularExpression@@AAEGG@Z 1200e1b0 f   RegularExpression.obj
 0001:0000d300       ??1?$Janitor@VContext@RegularExpression@@@@QAE@XZ 1200e300 f i RegularExpression.obj
 0001:0000d360       ??0RegxParser@@QAE@XZ      1200e360 f   RegxParser.obj
 0001:0000d3a0       ??_ERegxParser@@UAEPAXI@Z  1200e3a0 f i RegxParser.obj
 0001:0000d400       ??1RegxParser@@UAE@XZ      1200e400 f   RegxParser.obj
 0001:0000d4a0       ?parse@RegxParser@@QAEPAVToken@@QBGH@Z 1200e4a0 f   RegxParser.obj
 0001:0000d750       ?processNext@RegxParser@@IAEXXZ 1200e750 f   RegxParser.obj
 0001:0000dd10       ?parseRegx@RegxParser@@IAEPAVToken@@XZ 1200ed10 f   RegxParser.obj
 0001:0000dd80       ?parseTerm@RegxParser@@AAEPAVToken@@XZ 1200ed80 f   RegxParser.obj
 0001:0000de10       ?processCaret@RegxParser@@MAEPAVToken@@XZ 1200ee10 f   RegxParser.obj
 0001:0000de30       ?processDollar@RegxParser@@MAEPAVToken@@XZ 1200ee30 f   RegxParser.obj
 0001:0000de50       ?processLook@RegxParser@@MAEPAVToken@@G@Z 1200ee50 f   RegxParser.obj
 0001:0000df00       ?processBacksolidus_A@RegxParser@@MAEPAVToken@@XZ 1200ef00 f   RegxParser.obj
 0001:0000df20       ?processBacksolidus_Z@RegxParser@@MAEPAVToken@@XZ 1200ef20 f   RegxParser.obj
 0001:0000df40       ?processBacksolidus_z@RegxParser@@MAEPAVToken@@XZ 1200ef40 f   RegxParser.obj
 0001:0000df60       ?processBacksolidus_b@RegxParser@@MAEPAVToken@@XZ 1200ef60 f   RegxParser.obj
 0001:0000df80       ?processBacksolidus_B@RegxParser@@MAEPAVToken@@XZ 1200ef80 f   RegxParser.obj
 0001:0000dfa0       ?processBacksolidus_lt@RegxParser@@MAEPAVToken@@XZ 1200efa0 f   RegxParser.obj
 0001:0000dfc0       ?processBacksolidus_gt@RegxParser@@MAEPAVToken@@XZ 1200efc0 f   RegxParser.obj
 0001:0000dfe0       ?processStar@RegxParser@@MAEPAVToken@@QAV2@@Z 1200efe0 f   RegxParser.obj
 0001:0000e020       ?processPlus@RegxParser@@MAEPAVToken@@QAV2@@Z 1200f020 f   RegxParser.obj
 0001:0000e060       ?processQuestion@RegxParser@@MAEPAVToken@@QAV2@@Z 1200f060 f   RegxParser.obj
 0001:0000e0e0       ?processParen@RegxParser@@MAEPAVToken@@XZ 1200f0e0 f   RegxParser.obj
 0001:0000e1a0       ?processParen2@RegxParser@@MAEPAVToken@@XZ 1200f1a0 f   RegxParser.obj
 0001:0000e250       ?processCondition@RegxParser@@MAEPAVToken@@XZ 1200f250 f   RegxParser.obj
 0001:0000e600       ?processModifiers@RegxParser@@MAEPAVToken@@XZ 1200f600 f   RegxParser.obj
 0001:0000e850       ?processIndependent@RegxParser@@MAEPAVToken@@XZ 1200f850 f   RegxParser.obj
 0001:0000e900       ?processBacksolidus_c@RegxParser@@MAEPAVToken@@XZ 1200f900 f   RegxParser.obj
 0001:0000e970       ?processBacksolidus_i@RegxParser@@MAEPAVToken@@XZ 1200f970 f   RegxParser.obj
 0001:0000e990       ?processBacksolidus_g@RegxParser@@MAEPAVToken@@XZ 1200f990 f   RegxParser.obj
 0001:0000e9b0       ?processBacksolidus_X@RegxParser@@MAEPAVToken@@XZ 1200f9b0 f   RegxParser.obj
 0001:0000e9d0       ?processBackReference@RegxParser@@MAEPAVToken@@XZ 1200f9d0 f   RegxParser.obj
 0001:0000eb30       ?parseFactor@RegxParser@@AAEPAVToken@@XZ 1200fb30 f   RegxParser.obj
 0001:0000ef90       ?parseAtom@RegxParser@@AAEPAVToken@@XZ 1200ff90 f   RegxParser.obj
 0001:0000f350       ?processBacksolidus_pP@RegxParser@@IAEPAVRangeToken@@H@Z 12010350 f   RegxParser.obj
 0001:0000f620       ?processCInCharacterClass@RegxParser@@MAEHQAVRangeToken@@H@Z 12010620 f   RegxParser.obj
 0001:0000f630       ?parseCharacterClass@RegxParser@@MAEPAVRangeToken@@_N@Z 12010630 f   RegxParser.obj
 0001:0000fb40       ?parseSetOperations@RegxParser@@MAEPAVRangeToken@@XZ 12010b40 f   RegxParser.obj
 0001:0000fc40       ?getTokenForShorthand@RegxParser@@MAEPAVToken@@H@Z 12010c40 f   RegxParser.obj
 0001:0000fd70       ?decodeEscaped@RegxParser@@MAEHXZ 12010d70 f   RegxParser.obj
 0001:000101f0       ?checkQuestion@RegxParser@@MAE_NH@Z 120111f0 f   RegxParser.obj
 0001:00010210       ?ensureExtraCapacity@?$RefVectorOf@VQName@@@@QAEXI@Z 12011210 f i RegxParser.obj
 0001:00010210       ?ensureExtraCapacity@?$RefVectorOf@VIDOM_Node@@@@QAEXI@Z 12011210 f i RegxParser.obj
 0001:00010210       ?ensureExtraCapacity@?$RefVectorOf@VXMLAttr@@@@QAEXI@Z 12011210 f i RegxParser.obj
 0001:00010210       ?ensureExtraCapacity@?$RefVectorOf@VNodeImpl@@@@QAEXI@Z 12011210 f i RegxParser.obj
 0001:00010210       ?ensureExtraCapacity@?$RefVectorOf@VSchemaAttDef@@@@QAEXI@Z 12011210 f i RegxParser.obj
 0001:00010210       ?ensureExtraCapacity@?$RefVectorOf@VSchemaInfo@@@@QAEXI@Z 12011210 f i RegxParser.obj
 0001:00010210       ?ensureExtraCapacity@?$RefVectorOf@VFieldValueMap@@@@QAEXI@Z 12011210 f i RegxParser.obj
 0001:00010210       ?ensureExtraCapacity@?$RefVectorOf@VToken@@@@QAEXI@Z 12011210 f i RegxParser.obj
 0001:00010210       ?ensureExtraCapacity@?$RefVectorOf@VSchemaElementDecl@@@@QAEXI@Z 12011210 f i RegxParser.obj
 0001:00010210       ?ensureExtraCapacity@?$RefVectorOf@VXMLBuffer@@@@QAEXI@Z 12011210 f i RegxParser.obj
 0001:00010210       ?ensureExtraCapacity@?$RefVectorOf@VXMLNumber@@@@QAEXI@Z 12011210 f i RegxParser.obj
 0001:00010210       ?ensureExtraCapacity@?$RefVectorOf@VIC_Field@@@@QAEXI@Z 12011210 f i RegxParser.obj
 0001:00010210       ?ensureExtraCapacity@?$RefVectorOf@VXercesStep@@@@QAEXI@Z 12011210 f i RegxParser.obj
 0001:00010210       ?ensureExtraCapacity@?$RefVectorOf@VXMLReader@@@@QAEXI@Z 12011210 f i RegxParser.obj
 0001:00010210       ?ensureExtraCapacity@?$RefVectorOf@VXercesLocationPath@@@@QAEXI@Z 12011210 f i RegxParser.obj
 0001:00010210       ?ensureExtraCapacity@?$RefVectorOf@VXPathMatcher@@@@QAEXI@Z 12011210 f i RegxParser.obj
 0001:00010210       ?ensureExtraCapacity@?$RefVectorOf@VReferencePosition@RegxParser@@@@QAEXI@Z 12011210 f i RegxParser.obj
 0001:00010210       ?ensureExtraCapacity@?$RefVectorOf@G@@QAEXI@Z 12011210 f i RegxParser.obj
 0001:00010210       ?ensureExtraCapacity@?$RefVectorOf@VDatatypeValidator@@@@QAEXI@Z 12011210 f i RegxParser.obj
 0001:00010210       ?ensureExtraCapacity@?$RefVectorOf@VAttributeInfo@@@@QAEXI@Z 12011210 f i RegxParser.obj
 0001:00010290       ??0XMLBuffer@@QAE@H@Z      12011290 f i RegxUtil.obj
 0001:000102d0       ??1XMLBuffer@@QAE@XZ       120112d0 f i RegxUtil.obj
 0001:000102e0       ?append@XMLBuffer@@QAEXG@Z 120112e0 f i RegxUtil.obj
 0001:00010310       ?getRawBuffer@XMLBuffer@@QBEPBGXZ 12011310 f i RegxUtil.obj
 0001:00010310       ?getRawBuffer@XMLBuffer@@QAEPAGXZ 12011310 f i RegxUtil.obj
 0001:00010320       ?reset@XMLBuffer@@QAEXXZ   12011320 f i RegxUtil.obj
 0001:00010330       ?getInUse@XMLBuffer@@QAE_NXZ 12011330 f i RegxUtil.obj
 0001:00010340       ?isEmpty@XMLBuffer@@QAE_NXZ 12011340 f i RegxUtil.obj
 0001:00010350       ?setInUse@XMLBuffer@@QAEX_N@Z 12011350 f i RegxUtil.obj
 0001:00010360       ??_FXMLBuffer@@QAEXXZ      12011360 f i RegxUtil.obj
 0001:000103a0       ?decomposeToSurrogates@RegxUtil@@SAPAGH@Z 120113a0 f   RegxUtil.obj
 0001:000103e0       ?stripExtendedComment@RegxUtil@@SAPAGQBG@Z 120113e0 f   RegxUtil.obj
 0001:00010620       ??0StringToken@@QAE@GQBGH@Z 12011620 f   StringToken.obj
 0001:000106d0       ??_EStringToken@@UAEPAXI@Z 120116d0 f i StringToken.obj
 0001:00010730       ??1StringToken@@UAE@XZ     12011730 f   StringToken.obj
 0001:00010790       ??0Token@@QAE@G@Z          12011790 f   Token.obj
 0001:000107b0       ??_EToken@@UAEPAXI@Z       120117b0 f i Token.obj
 0001:00010810       ??1Token@@UAE@XZ           12011810 f   Token.obj
 0001:00010820       ?getMinLength@Token@@QBEHXZ 12011820 f   Token.obj
 0001:00010990       ?getMaxLength@Token@@QBEHXZ 12011990 f   Token.obj
 0001:00010b30       ?analyzeFirstCharacter@Token@@QAEHQAVRangeToken@@HQAVTokenFactory@@@Z 12011b30 f   Token.obj
 0001:00010de0       ?findFixedString@Token@@QAEPAV1@HAAH@Z 12011de0 f   Token.obj
 0001:00010f70       ?isShorterThan@Token@@AAE_NQAV1@@Z 12011f70 f   Token.obj
 0001:00011010       ??0TokenFactory@@QAE@XZ    12012010 f   TokenFactory.obj
 0001:000110d0       ??1TokenFactory@@QAE@XZ    120120d0 f   TokenFactory.obj
 0001:00011160       ?createToken@TokenFactory@@QAEPAVToken@@G@Z 12012160 f   TokenFactory.obj
 0001:00011260       ?createLook@TokenFactory@@QAEPAVParenToken@@GQAVToken@@@Z 12012260 f   TokenFactory.obj
 0001:00011350       ?createParenthesis@TokenFactory@@QAEPAVParenToken@@QAVToken@@H@Z 12012350 f   TokenFactory.obj
 0001:00011440       ?createClosure@TokenFactory@@QAEPAVClosureToken@@QAVToken@@_N@Z 12012440 f   TokenFactory.obj
 0001:00011560       ?createConcat@TokenFactory@@QAEPAVConcatToken@@QAVToken@@0@Z 12012560 f   TokenFactory.obj
 0001:00011650       ?createUnion@TokenFactory@@QAEPAVUnionToken@@_N@Z 12012650 f   TokenFactory.obj
 0001:00011760       ?createRange@TokenFactory@@QAEPAVRangeToken@@_N@Z 12012760 f   TokenFactory.obj
 0001:00011870       ?createChar@TokenFactory@@QAEPAVCharToken@@I_N@Z 12012870 f   TokenFactory.obj
 0001:00011990       ?createBackReference@TokenFactory@@QAEPAVStringToken@@H@Z 12012990 f   TokenFactory.obj
 0001:00011a70       ?createString@TokenFactory@@QAEPAVStringToken@@QBG@Z 12012a70 f   TokenFactory.obj
 0001:00011b50       ?createModifierGroup@TokenFactory@@QAEPAVModifierToken@@QAVToken@@HH@Z 12012b50 f   TokenFactory.obj
 0001:00011c40       ?createCondition@TokenFactory@@QAEPAVConditionToken@@HQAVToken@@00@Z 12012c40 f   TokenFactory.obj
 0001:00011d30       ?getRange@TokenFactory@@QAEPAVRangeToken@@QBG_N@Z 12012d30 f   TokenFactory.obj
 0001:00011d60       ?getLineBegin@TokenFactory@@QAEPAVToken@@XZ 12012d60 f   TokenFactory.obj
 0001:00011d80       ?getLineBegin2@TokenFactory@@QAEPAVToken@@XZ 12012d80 f   TokenFactory.obj
 0001:00011da0       ?getLineEnd@TokenFactory@@QAEPAVToken@@XZ 12012da0 f   TokenFactory.obj
 0001:00011dc0       ?getStringBegin@TokenFactory@@QAEPAVToken@@XZ 12012dc0 f   TokenFactory.obj
 0001:00011de0       ?getStringEnd@TokenFactory@@QAEPAVToken@@XZ 12012de0 f   TokenFactory.obj
 0001:00011e00       ?getStringEnd2@TokenFactory@@QAEPAVToken@@XZ 12012e00 f   TokenFactory.obj
 0001:00011e20       ?getWordEdge@TokenFactory@@QAEPAVToken@@XZ 12012e20 f   TokenFactory.obj
 0001:00011e40       ?getNotWordEdge@TokenFactory@@QAEPAVToken@@XZ 12012e40 f   TokenFactory.obj
 0001:00011e60       ?getWordBegin@TokenFactory@@QAEPAVToken@@XZ 12012e60 f   TokenFactory.obj
 0001:00011e80       ?getWordEnd@TokenFactory@@QAEPAVToken@@XZ 12012e80 f   TokenFactory.obj
 0001:00011ea0       ?getDot@TokenFactory@@QAEPAVToken@@XZ 12012ea0 f   TokenFactory.obj
 0001:00011ec0       ?getCombiningCharacterSequence@TokenFactory@@QAEPAVToken@@XZ 12012ec0 f   TokenFactory.obj
 0001:00011f30       ?getGraphemePattern@TokenFactory@@QAEPAVToken@@XZ 12012f30 f   TokenFactory.obj
 0001:00012190       ?initializeRegistry@TokenFactory@@AAEXXZ 12013190 f   TokenFactory.obj
 0001:00012370       ??0UnicodeRangeFactory@@QAE@XZ 12013370 f   UnicodeRangeFactory.obj
 0001:00012390       ??_EUnicodeRangeFactory@@UAEPAXI@Z 12013390 f i UnicodeRangeFactory.obj
 0001:000123f0       ??1UnicodeRangeFactory@@UAE@XZ 120133f0 f   UnicodeRangeFactory.obj
 0001:00012400       ?buildRanges@UnicodeRangeFactory@@MAEXXZ 12013400 f   UnicodeRangeFactory.obj
 0001:00012630       ?initializeKeywordMap@UnicodeRangeFactory@@UAEXXZ 12013630 f   UnicodeRangeFactory.obj
 0001:000126d0       ?getUniCategory@UnicodeRangeFactory@@AAEGG@Z 120136d0 f   UnicodeRangeFactory.obj
 0001:00012760       ??0UnionToken@@QAE@G@Z     12013760 f   UnionToken.obj
 0001:00012780       ??_EUnionToken@@UAEPAXI@Z  12013780 f i UnionToken.obj
 0001:000127e0       ??1UnionToken@@UAE@XZ      120137e0 f   UnionToken.obj
 0001:00012870       ?addChild@UnionToken@@UAEXQAVToken@@QAVTokenFactory@@@Z 12013870 f   UnionToken.obj
 0001:00012c40       ??0XMLRangeFactory@@QAE@XZ 12013c40 f   XMLRangeFactory.obj
 0001:00012c60       ??_EXMLRangeFactory@@UAEPAXI@Z 12013c60 f i XMLRangeFactory.obj
 0001:00012cc0       ??1XMLRangeFactory@@UAE@XZ 12013cc0 f   XMLRangeFactory.obj
 0001:00012cd0       ?buildRanges@XMLRangeFactory@@MAEXXZ 12013cd0 f   XMLRangeFactory.obj
 0001:00013250       ?initializeKeywordMap@XMLRangeFactory@@UAEXXZ 12014250 f   XMLRangeFactory.obj
 0001:000132c0       ?getType@XMLUniCharacter@@SAGG@Z 120142c0 f   XMLUniCharacter.obj
 0001:000132e0       ?isPad@Base64@@CA_NABE@Z   120142e0 f i Base64.obj
 0001:00013300       ?set1stOctet@Base64@@CAEABE0@Z 12014300 f i Base64.obj
 0001:00013320       ?set2ndOctet@Base64@@CAEABE0@Z 12014320 f i Base64.obj
 0001:00013340       ?set3rdOctet@Base64@@CAEABE0@Z 12014340 f i Base64.obj
 0001:00013360       ?split1stOctet@Base64@@CAXABEAAE1@Z 12014360 f i Base64.obj
 0001:00013380       ?split2ndOctet@Base64@@CAXABEAAE1@Z 12014380 f i Base64.obj
 0001:000133b0       ?split3rdOctet@Base64@@CAXABEAAE1@Z 120143b0 f i Base64.obj
 0001:000133d0       ?encode@Base64@@SAPAEQBEIPAI@Z 120143d0 f   Base64.obj
 0001:00013620       ?getDataLength@Base64@@SAHQBG@Z 12014620 f   Base64.obj
 0001:00013660       ?decode@Base64@@SAPAEQBEPAI@Z 12014660 f   Base64.obj
 0001:000139c0       ?decode@Base64@@SAPAGQBGPAI@Z 120149c0 f   Base64.obj
 0001:00013b00       ?init@Base64@@CAXXZ        12014b00 f   Base64.obj
 0001:00013b40       ?isData@Base64@@CA_NABE@Z  12014b40 f   Base64.obj
 0001:00013b60       ?getIsOpen@BinFileInputStream@@QBE_NXZ 12014b60 f i BinFileInputStream.obj
 0001:00013b70       ??0BinFileInputStream@@QAE@QBG@Z 12014b70 f   BinFileInputStream.obj
 0001:00013bd0       ??_EBinFileInputStream@@UAEPAXI@Z 12014bd0 f i BinFileInputStream.obj
 0001:00013c30       ??0BinFileInputStream@@QAE@QBD@Z 12014c30 f   BinFileInputStream.obj
 0001:00013cb0       ??0BinFileInputStream@@QAE@QAX@Z 12014cb0 f   BinFileInputStream.obj
 0001:00013cd0       ??1BinFileInputStream@@UAE@XZ 12014cd0 f   BinFileInputStream.obj
 0001:00013d30       ?getSize@BinFileInputStream@@QBEIXZ 12014d30 f   BinFileInputStream.obj
 0001:00013d40       ?reset@BinFileInputStream@@QAEXXZ 12014d40 f   BinFileInputStream.obj
 0001:00013d50       ?curPos@BinFileInputStream@@UBEIXZ 12014d50 f   BinFileInputStream.obj
 0001:00013d60       ?readBytes@BinFileInputStream@@UAEIQAEI@Z 12014d60 f   BinFileInputStream.obj
 0001:00013d80       ??1BinInputStream@@UAE@XZ  12014d80 f   BinInputStream.obj
 0001:00013d90       ??_EBinInputStream@@UAEPAXI@Z 12014d90 f i BinInputStream.obj
 0001:00013df0       ??0BinInputStream@@IAE@XZ  12014df0 f   BinInputStream.obj
 0001:00013e00       ?reset@BinMemInputStream@@QAEXXZ 12014e00 f i BinMemInputStream.obj
 0001:00013e10       ??0BinMemInputStream@@QAE@QBEIW4BufOpts@0@@Z 12014e10 f   BinMemInputStream.obj
 0001:00013eb0       ??_EBinMemInputStream@@UAEPAXI@Z 12014eb0 f i BinMemInputStream.obj
 0001:00013f10       ??1BinMemInputStream@@UAE@XZ 12014f10 f   BinMemInputStream.obj
 0001:00013f80       ?readBytes@BinMemInputStream@@UAEIQAEI@Z 12014f80 f   BinMemInputStream.obj
 0001:00013fd0       ??0BitSet@@QAE@I@Z         12014fd0 f   BitSet.obj
 0001:00013ff0       ??0BitSet@@QAE@ABV0@@Z     12014ff0 f   BitSet.obj
 0001:00014040       ?equals@BitSet@@QBE_NABV1@@Z 12015040 f   BitSet.obj
 0001:00014080       ?get@BitSet@@QBE_NI@Z      12015080 f   BitSet.obj
 0001:000140b0       ?size@BitSet@@QBEIXZ       120150b0 f   BitSet.obj
 0001:000140c0       ?allAreCleared@BitSet@@QBE_NXZ 120150c0 f   BitSet.obj
 0001:000140e0       ?allAreSet@BitSet@@QBE_NXZ 120150e0 f   BitSet.obj
 0001:00014100       ?clearAll@BitSet@@QAEXXZ   12015100 f   BitSet.obj
 0001:00014120       ?clear@BitSet@@QAEXI@Z     12015120 f   BitSet.obj
 0001:00014160       ?set@BitSet@@QAEXI@Z       12015160 f   BitSet.obj
 0001:000141a0       ?andWith@BitSet@@QAEXABV1@@Z 120151a0 f   BitSet.obj
 0001:000141f0       ?orWith@BitSet@@QAEXABV1@@Z 120151f0 f   BitSet.obj
 0001:00014240       ?xorWith@BitSet@@QAEXABV1@@Z 12015240 f   BitSet.obj
 0001:00014290       ?hash@BitSet@@QBEII@Z      12015290 f   BitSet.obj
 0001:000142c0       ?ensureCapacity@BitSet@@AAEXI@Z 120152c0 f   BitSet.obj
 0001:00014340       ??0HashPtr@@QAE@ABV0@@Z    12015340 f i HashPtr.obj
 0001:00014350       ??0HashPtr@@QAE@XZ         12015350 f   HashPtr.obj
 0001:00014360       ??1HashPtr@@QAE@XZ         12015360 f   HashPtr.obj
 0001:00014370       ?getHashVal@HashPtr@@UAEIQBXI@Z 12015370 f   HashPtr.obj
 0001:00014380       ?equals@HashPtr@@UAE_NQBX0@Z 12015380 f   HashPtr.obj
 0001:000143a0       ??0HashXMLCh@@QAE@XZ       120153a0 f   HashXMLCh.obj
 0001:000143b0       ??1HashXMLCh@@UAE@XZ       120153b0 f   HashXMLCh.obj
 0001:000143c0       ?getHashVal@HashXMLCh@@UAEIQBXI@Z 120153c0 f   HashXMLCh.obj
 0001:000143e0       ?equals@HashXMLCh@@UAE_NQBX0@Z 120153e0 f   HashXMLCh.obj
 0001:00014400       ?swapBytes@BitOps@@SAGG@Z  12015400 f i HeaderDummy.obj
 0001:00014420       ?swapBytes@BitOps@@SAII@Z  12015420 f i HeaderDummy.obj
 0001:00014450       ??0EmptyStackException@@QAE@QBDIW4Codes@XMLExcepts@@@Z 12015450 f i HeaderDummy.obj
 0001:000144b0       ??0EmptyStackException@@QAE@ABV0@@Z 120154b0 f i HeaderDummy.obj
 0001:000144d0       ??0EmptyStackException@@QAE@QBDIW4Codes@XMLExcepts@@QBG222@Z 120154d0 f i HeaderDummy.obj
 0001:00014540       ??0EmptyStackException@@QAE@QBDIW4Codes@XMLExcepts@@0000@Z 12015540 f i HeaderDummy.obj
 0001:000145b0       ??1EmptyStackException@@UAE@XZ 120155b0 f i HeaderDummy.obj
 0001:000145c0       ?duplicate@EmptyStackException@@UBEPAVXMLException@@XZ 120155c0 f i HeaderDummy.obj
 0001:00014620       ?getType@EmptyStackException@@UBEPBGXZ 12015620 f i HeaderDummy.obj
 0001:00014630       ??_EEmptyStackException@@UAEPAXI@Z 12015630 f i HeaderDummy.obj
 0001:00014690       ??0InvalidCastException@@QAE@QBDIW4Codes@XMLExcepts@@@Z 12015690 f i HeaderDummy.obj
 0001:000146f0       ??0InvalidCastException@@QAE@ABV0@@Z 120156f0 f i HeaderDummy.obj
 0001:00014710       ??0InvalidCastException@@QAE@QBDIW4Codes@XMLExcepts@@QBG222@Z 12015710 f i HeaderDummy.obj
 0001:00014780       ??0InvalidCastException@@QAE@QBDIW4Codes@XMLExcepts@@0000@Z 12015780 f i HeaderDummy.obj
 0001:000147f0       ??1InvalidCastException@@UAE@XZ 120157f0 f i HeaderDummy.obj
 0001:00014800       ?duplicate@InvalidCastException@@UBEPAVXMLException@@XZ 12015800 f i HeaderDummy.obj
 0001:00014860       ?getType@InvalidCastException@@UBEPBGXZ 12015860 f i HeaderDummy.obj
 0001:00014870       ??_EInvalidCastException@@UAEPAXI@Z 12015870 f i HeaderDummy.obj
 0001:000148d0       ??0IOException@@QAE@QBDIW4Codes@XMLExcepts@@@Z 120158d0 f i HeaderDummy.obj
 0001:00014930       ??0IOException@@QAE@ABV0@@Z 12015930 f i HeaderDummy.obj
 0001:00014950       ??0IOException@@QAE@QBDIW4Codes@XMLExcepts@@QBG222@Z 12015950 f i HeaderDummy.obj
 0001:000149c0       ??0IOException@@QAE@QBDIW4Codes@XMLExcepts@@0000@Z 120159c0 f i HeaderDummy.obj
 0001:00014a30       ??1IOException@@UAE@XZ     12015a30 f i HeaderDummy.obj
 0001:00014a40       ?duplicate@IOException@@UBEPAVXMLException@@XZ 12015a40 f i HeaderDummy.obj
 0001:00014aa0       ?getType@IOException@@UBEPBGXZ 12015aa0 f i HeaderDummy.obj
 0001:00014ab0       ??_EIOException@@UAEPAXI@Z 12015ab0 f i HeaderDummy.obj
 0001:00014b10       ??0UnexpectedEOFException@@QAE@QBDIW4Codes@XMLExcepts@@@Z 12015b10 f i HeaderDummy.obj
 0001:00014b70       ??0UnexpectedEOFException@@QAE@ABV0@@Z 12015b70 f i HeaderDummy.obj
 0001:00014b90       ??0UnexpectedEOFException@@QAE@QBDIW4Codes@XMLExcepts@@QBG222@Z 12015b90 f i HeaderDummy.obj
 0001:00014c00       ??0UnexpectedEOFException@@QAE@QBDIW4Codes@XMLExcepts@@0000@Z 12015c00 f i HeaderDummy.obj
 0001:00014c70       ??1UnexpectedEOFException@@UAE@XZ 12015c70 f i HeaderDummy.obj
 0001:00014c80       ?duplicate@UnexpectedEOFException@@UBEPAVXMLException@@XZ 12015c80 f i HeaderDummy.obj
 0001:00014ce0       ?getType@UnexpectedEOFException@@UBEPBGXZ 12015ce0 f i HeaderDummy.obj
 0001:00014cf0       ??_EUnexpectedEOFException@@UAEPAXI@Z 12015cf0 f i HeaderDummy.obj
 0001:00014d50       ??0UnsupportedEncodingException@@QAE@QBDIW4Codes@XMLExcepts@@@Z 12015d50 f i HeaderDummy.obj
 0001:00014db0       ??0UnsupportedEncodingException@@QAE@ABV0@@Z 12015db0 f i HeaderDummy.obj
 0001:00014dd0       ??0UnsupportedEncodingException@@QAE@QBDIW4Codes@XMLExcepts@@QBG222@Z 12015dd0 f i HeaderDummy.obj
 0001:00014e40       ??0UnsupportedEncodingException@@QAE@QBDIW4Codes@XMLExcepts@@0000@Z 12015e40 f i HeaderDummy.obj
 0001:00014eb0       ??1UnsupportedEncodingException@@UAE@XZ 12015eb0 f i HeaderDummy.obj
 0001:00014ec0       ?duplicate@UnsupportedEncodingException@@UBEPAVXMLException@@XZ 12015ec0 f i HeaderDummy.obj
 0001:00014f20       ?getType@UnsupportedEncodingException@@UBEPBGXZ 12015f20 f i HeaderDummy.obj
 0001:00014f30       ??_EUnsupportedEncodingException@@UAEPAXI@Z 12015f30 f i HeaderDummy.obj
 0001:00014f90       ??0UTFDataFormatException@@QAE@QBDIW4Codes@XMLExcepts@@@Z 12015f90 f i HeaderDummy.obj
 0001:00014ff0       ??0UTFDataFormatException@@QAE@ABV0@@Z 12015ff0 f i HeaderDummy.obj
 0001:00015010       ??0UTFDataFormatException@@QAE@QBDIW4Codes@XMLExcepts@@QBG222@Z 12016010 f i HeaderDummy.obj
 0001:00015080       ??0UTFDataFormatException@@QAE@QBDIW4Codes@XMLExcepts@@0000@Z 12016080 f i HeaderDummy.obj
 0001:000150f0       ??1UTFDataFormatException@@UAE@XZ 120160f0 f i HeaderDummy.obj
 0001:00015100       ?duplicate@UTFDataFormatException@@UBEPAVXMLException@@XZ 12016100 f i HeaderDummy.obj
 0001:00015160       ?getType@UTFDataFormatException@@UBEPBGXZ 12016160 f i HeaderDummy.obj
 0001:00015170       ??_EUTFDataFormatException@@UAEPAXI@Z 12016170 f i HeaderDummy.obj
 0001:000151d0       ?getDataLength@HexBin@@SAHQBG@Z 120161d0 f   HexBin.obj
 0001:000152b0       ?isArrayByteHex@HexBin@@SA_NQBG@Z 120162b0 f   HexBin.obj
 0001:00015370       ?isHex@HexBin@@CA_NABG@Z   12016370 f   HexBin.obj
 0001:00015390       ?init@HexBin@@CAXXZ        12016390 f   HexBin.obj
 0001:000153f0       ??4Match@@QAEAAV0@ABV0@@Z  120163f0 f i KVStringPair.obj
 0001:000153f0       ??4XMLBuffer@@QAEAAV0@ABV0@@Z 120163f0 f i KVStringPair.obj
 0001:000153f0       ??4KVStringPair@@QAEAAV0@ABV0@@Z 120163f0 f i KVStringPair.obj
 0001:00015420       ??0KVStringPair@@QAE@QBG0@Z 12016420 f   KVStringPair.obj
 0001:00015500       ??0KVStringPair@@QAE@ABV0@@Z 12016500 f   KVStringPair.obj
 0001:000155f0       ??1KVStringPair@@QAE@XZ    120165f0 f   KVStringPair.obj
 0001:00015610       ?setKey@KVStringPair@@QAEXQBG@Z 12016610 f   KVStringPair.obj
 0001:00015680       ?setValue@KVStringPair@@QAEXQBG@Z 12016680 f   KVStringPair.obj
 0001:000156f0       ?set@KVStringPair@@QAEXQBG0@Z 120166f0 f   KVStringPair.obj
 0001:000157b0       ??0XMLMutex@@QAE@XZ        120167b0 f   Mutexes.obj
 0001:000157d0       ??1XMLMutex@@QAE@XZ        120167d0 f   Mutexes.obj
 0001:000157f0       ?lock@XMLMutex@@QAEXXZ     120167f0 f   Mutexes.obj
 0001:00015800       ?unlock@XMLMutex@@QAEXXZ   12016800 f   Mutexes.obj
 0001:00015810       ??0XMLMutexLock@@QAE@QAVXMLMutex@@@Z 12016810 f   Mutexes.obj
 0001:00015830       ??1XMLMutexLock@@QAE@XZ    12016830 f   Mutexes.obj
 0001:00015840       ??4XMLReader@@QAEAAV0@ABV0@@Z 12016840 f i PlatformUtils.obj
 0001:00015860       ?isBaseChar@XMLReader@@SA_NG@Z 12016860 f i PlatformUtils.obj
 0001:00015880       ?isNameChar@XMLReader@@SA_NG@Z 12016880 f i PlatformUtils.obj
 0001:000158a0       ?isPlainContentChar@XMLReader@@SA_NG@Z 120168a0 f i PlatformUtils.obj
 0001:000158c0       ?isSpecialCharDataChar@XMLReader@@SA_NG@Z 120168c0 f i PlatformUtils.obj
 0001:000158e0       ?isSpecialStartTagChar@XMLReader@@SA_NG@Z 120168e0 f i PlatformUtils.obj
 0001:00015900       ?isXMLChar@XMLReader@@SA_NG@Z 12016900 f i PlatformUtils.obj
 0001:00015920       ?isXMLLetter@XMLReader@@SA_NG@Z 12016920 f i PlatformUtils.obj
 0001:00015940       ?isWhitespace@XMLReader@@SA_NG@Z 12016940 f i PlatformUtils.obj
 0001:00015960       ?charsLeftInBuffer@XMLReader@@QBEKXZ 12016960 f i PlatformUtils.obj
 0001:00015970       ?getColumnNumber@XMLReader@@QBEIXZ 12016970 f i PlatformUtils.obj
 0001:00015980       ?getEncodingStr@XMLReader@@QBEPBGXZ 12016980 f i PlatformUtils.obj
 0001:00015990       ?getLineNumber@XMLReader@@QBEIXZ 12016990 f i PlatformUtils.obj
 0001:000159a0       ?getNoMoreFlag@XMLReader@@QBE_NXZ 120169a0 f i PlatformUtils.obj
 0001:000159b0       ?getPublicId@XMLReader@@QBEPBGXZ 120169b0 f i PlatformUtils.obj
 0001:000159c0       ?getReaderNum@XMLReader@@QBEIXZ 120169c0 f i PlatformUtils.obj
 0001:000159d0       ?getRefFrom@XMLReader@@QBE?AW4RefFrom@1@XZ 120169d0 f i PlatformUtils.obj
 0001:000159e0       ?getSource@XMLReader@@QBE?AW4Sources@1@XZ 120169e0 f i PlatformUtils.obj
 0001:000159f0       ?getSystemId@XMLReader@@QBEPBGXZ 120169f0 f i PlatformUtils.obj
 0001:00015a00       ?getThrowAtEnd@XMLReader@@QBE_NXZ 12016a00 f i PlatformUtils.obj
 0001:00015a10       ?getType@XMLReader@@QBE?AW4Types@1@XZ 12016a10 f i PlatformUtils.obj
 0001:00015a20       ?isNELRecognized@XMLReader@@SA_NXZ 12016a20 f i PlatformUtils.obj
 0001:00015a30       ?setReaderNum@XMLReader@@QAEXI@Z 12016a30 f i PlatformUtils.obj
 0001:00015a40       ?setThrowAtEnd@XMLReader@@QAEX_N@Z 12016a40 f i PlatformUtils.obj
 0001:00015a50       ?movePlainContentChars@XMLReader@@QAEXAAVXMLBuffer@@@Z 12016a50 f i PlatformUtils.obj
 0001:00015ab0       ?getNextCharIfNot@XMLReader@@QAE_NGAAG@Z 12016ab0 f i PlatformUtils.obj
 0001:00015bf0       ?Initialize@XMLPlatformUtils@@SAXXZ 12016bf0 f   PlatformUtils.obj
 0001:00015cf0       ?Terminate@XMLPlatformUtils@@SAXXZ 12016cf0 f   PlatformUtils.obj
[...]
 0003:00000dc0       ??_C@_0EH@IIHM@c?3?2xml4c_root?2xerces?9c?9src1_7_0?2@ 1214adc0     XMLUTF8Transcoder.obj
 0003:00000e08       ??_C@_05NOKM@stdin?$AA@    1214ae08     StdInInputSource.obj
 0003:00000e10       ??_C@_0EE@MAKI@c?3?2xml4c_root?2xerces?9c?9src1_7_0?2@ 1214ae10     XMLAttDef.obj
 0003:00000e54       ??_C@_0EH@BLKG@c?3?2xml4c_root?2xerces?9c?9src1_7_0?2@ 1214ae54     XMLBufferMgr.obj
 0003:00000e9c       ??_C@_0EH@CLPO@c?3?2xml4c_root?2xerces?9c?9src1_7_0?2@ 1214ae9c     XMLFormatter.obj
 0003:00000f00       ??_C@_0EI@IIL@c?3?2xml4c_root?2xerces?9c?9src1_7_0?2@ 1214af00     XMLRecognizer.obj
 0003:00000f48       ??_C@_0CN@GFNC@?4?4?2?4?4?2?4?4?2?4?4?2?4?4?2src?2xercesc?1util?1@ 1214af48     XMLValidator.obj
 0003:00000f78       ??_C@_0DG@GENG@?4?4?2?4?4?2?4?4?2?4?4?2?4?4?2src?2xercesc?1util?1@ 1214af78     XMLValidator.obj
 0003:00000fb0       ??_R0?AVNullPointerException@@@8 1214afb0     XMLValidator.obj
 0003:00000fd8       ??_R0?AVNoSuchElementException@@@8 1214afd8     XMLValidator.obj
 0003:00001000       ??_C@_0DF@DOIO@?4?4?2?4?4?2?4?4?2?4?4?2?4?4?2src?2xercesc?1util?1@ 1214b000     XMLValidator.obj
 0003:00001038       ??_R0?AW4Codes@XMLValid@@@8 1214b038     XMLValidator.obj
 0003:00001058       ??_R0?AVEmptyStackException@@@8 1214b058     ElemStack.obj
 0003:0000107c       ??_C@_0ED@FCIM@c?3?2xml4c_root?2xerces?9c?9src1_7_0?2@ 1214b07c     ElemStack.obj
 0003:000010c0       ??_C@_0CN@LDGJ@?4?4?2?4?4?2?4?4?2?4?4?2?4?4?2src?2xercesc?1util?1@ 1214b0c0     ReaderMgr.obj
 0003:000010f0       ??_C@_0ED@BCEH@c?3?2xml4c_root?2xerces?9c?9src1_7_0?2@ 1214b0f0     ReaderMgr.obj
 0003:00001138       ??_R0?AVEndOfEntityException@@@8 1214b138     ReaderMgr.obj
 0003:0000115c       ?fgCharCharsTable@XMLReader@@0PAEA 1214b15c     XMLReader.obj
 0003:0001115c       ??_C@_0ED@HBHG@c?3?2xml4c_root?2xerces?9c?9src1_7_0?2@ 1215b15c     XMLReader.obj
 0003:000111a0       ??_C@_0DA@CACO@?4?4?2?4?4?2?4?4?2?4?4?2?4?4?2src?2xercesc?1util?1@ 1215b1a0     XMLScanner.obj
 0003:000111d0       ??_C@_0CP@NCIM@?4?4?2?4?4?2?4?4?2?4?4?2?4?4?2src?2xercesc?1util?1@ 1215b1d0     XMLScanner.obj
 0003:00011200       ??_R0?AVSAXException@@@8   1215b200     XMLScanner.obj
 0003:0001121c       ??_C@_0EE@IPJL@c?3?2xml4c_root?2xerces?9c?9src1_7_0?2@ 1215b21c     XMLScanner.obj
 0003:00011260       ??_R0?AVUnexpectedEOFException@@@8 1215b260     XMLScanner.obj
 0003:00011288       ??_C@_09NHPD@in?5prolog?$AA@ 1215b288     XMLScanner.obj
 0003:00011294       ??_C@_0EF@CDGL@c?3?2xml4c_root?2xerces?9c?9src1_7_0?2@ 1215b294     XMLScanner2.obj
 0003:000112e0       ??_R0?AVSAXParseException@@@8 1215b2e0     Dummy.obj
 0003:00011300       ??_R0?AVIOException@@@8    1215b300     DOMParser.obj
 0003:0001131c       ??_C@_0EC@HFEA@c?3?2xml4c_root?2xerces?9c?9src1_7_0?2@ 1215b31c     DOMParser.obj
 0003:00011360       ??_C@_0ED@ENPK@c?3?2xml4c_root?2xerces?9c?9src1_7_0?2@ 1215b360     IDOMParser.obj
 0003:000113a4       ??_C@_0EK@HILJ@c?3?2xml4c_root?2xerces?9c?9src1_7_0?2@ 1215b3a4     SAX2XMLReaderImpl.obj
 0003:000113f0       ??_R0?AVSAXNotRecognizedException@@@8 1215b3f0     SAX2XMLReaderImpl.obj
 0003:00011418       ??_R0?AVSAXNotSupportedException@@@8 1215b418     SAX2XMLReaderImpl.obj
 0003:00011440       ??_C@_0BA@IJFN@Unknown?5Feature?$AA@ 1215b440     SAX2XMLReaderImpl.obj
 0003:00011450       ??_C@_0DE@KAIE@Feature?5modification?5is?5not?5supp@ 1215b450     SAX2XMLReaderImpl.obj
 0003:00011484       ??_C@_0BB@MDM@Unknown?5Property?$AA@ 1215b484     SAX2XMLReaderImpl.obj
 0003:00011498       ??_C@_0DF@CGAC@Property?5modification?5is?5not?5sup@ 1215b498     SAX2XMLReaderImpl.obj
 0003:000114d0       ??_C@_0EC@DOPI@c?3?2xml4c_root?2xerces?9c?9src1_7_0?2@ 1215b4d0     SAXParser.obj
 0003:00011518       ??_R0?AVDOM_DOMException@@@8 1215b518     AttrImpl.obj
 0003:00011538       ??_C@_01HMO@?$CC?$AA@      1215b538     AttrImpl.obj
 0003:0001153c       ??_C@_02EBGB@?$DN?$CC?$AA@ 1215b53c     AttrImpl.obj
 0003:00011540       ??_C@_0P@CKBI@?$CDcdata?9section?$AA@ 1215b540     CDATASectionImpl.obj
 0003:00011550       ??_C@_08JMOF@?$CDcomment?$AA@ 1215b550     CommentImpl.obj
 0003:0001155c       ??_C@_01FDHG@?$CK?$AA@     1215b55c     DeepNodeListImpl.obj
 0003:00011560       ??_C@_0BD@CBIP@?$CDdocument?9fragment?$AA@ 1215b560     DocumentFragmentImpl.obj
 0003:00011574       ??_C@_09FGFB@?$CDdocument?$AA@ 1215b574     DocumentImpl.obj
 0003:00011580       ??_C@_05MCCK@Range?$AA@    1215b580     DOM_DOMImplementation.obj
 0003:00011588       ??_C@_09LNFH@Traversal?$AA@ 1215b588     DOM_DOMImplementation.obj
 0003:00011594       ??_C@_04BNDI@Core?$AA@     1215b594     DOM_DOMImplementation.obj
 0003:0001159c       ??_C@_03DMKA@XML?$AA@      1215b59c     DOM_DOMImplementation.obj
 0003:000115a0       ??_C@_03CLPL@2?40?$AA@     1215b5a0     DOM_DOMImplementation.obj
 0003:000115a4       ??_C@_03NNMA@1?40?$AA@     1215b5a4     DOM_DOMImplementation.obj
 0003:000115a8       ??_C@_0BCM@GHMG@DOM?5reference?5counted?5memory?5all@ 1215b5a8     DomMemDebug.obj
 0003:000116d4       ??_C@_01BJG@?6?$AA@        1215b6d4     DomMemDebug.obj
 0003:000116d8       ??_C@_0BF@JFNJ@?5?5?5?$CFd?5NamedNodeMaps?4?$AA@ 1215b6d8     DomMemDebug.obj
 0003:000116f0       ??_C@_0BB@IEON@?5?5?5?$CFd?5NodeImpls?4?$AA@ 1215b6f0     DomMemDebug.obj
 0003:00011704       ??_C@_0BF@IGHB@?5?5?5?$CFd?5StringBuffers?4?$AA@ 1215b704     DomMemDebug.obj
 0003:0001171c       ??_C@_0BF@HJNG@?5?5?5?$CFd?5StringHandles?4?$AA@ 1215b71c     DomMemDebug.obj
 0003:00011734       ??_C@_0DO@DFNO@c?3?2xml4c_root?2xerces?9c?9src1_7_0?2@ 1215b734     DOMString.obj
 0003:00011774       ??_C@_0DO@KGIM@c?3?2xml4c_root?2xerces?9c?9src1_7_0?2@ 1215b774     NodeIDMap.obj
 0003:000117b4       ??_C@_01KHLB@?$FL?$AA@     1215b7b4     NodeImpl.obj
 0003:000117b8       ??_C@_02HFBK@?3?5?$AA@     1215b7b8     NodeImpl.obj
 0003:000117bc       ??_C@_01FIMD@?$FN?$AA@     1215b7bc     NodeImpl.obj
 0003:000117c0       ??_C@_05GJOJ@xmlns?$AA@    1215b7c0     NodeImpl.obj
 0003:000117c8       ??_C@_0BO@DOBD@http?3?1?1www?4w3?4org?12000?1xmlns?1?$AA@ 1215b7c8     NodeImpl.obj
 0003:000117e8       ??_C@_03PJMH@xml?$AA@      1215b7e8     NodeImpl.obj
 0003:000117ec       ??_C@_0CF@JEIF@http?3?1?1www?4w3?4org?1XML?11998?1names@ 1215b7ec     NodeImpl.obj
 0003:00011818       ??_R0?AVDOM_RangeException@@@8 1215b818     RangeImpl.obj
 0003:0001183c       ??_C@_05FDFO@?$CDtext?$AA@ 1215b83c     TextImpl.obj
 0003:00011844       ??_C@_08PCJH@?$CDxmldecl?$AA@ 1215b844     XMLDeclImpl.obj
 0003:00011850       ??_C@_0FC@OCLJ@c?3?2xml4c_root?2xerces?9c?9src1_7_0?2@ 1215b850     AllContentModel.obj
 0003:000118a4       ??_C@_05ONKL@CMAny?$AA@    1215b8a4     CMAny.obj
 0003:000118ac       ??_C@_0EI@IHEK@c?3?2xml4c_root?2xerces?9c?9src1_7_0?2@ 1215b8ac     CMAny.obj
 0003:000118f4       ??_C@_0DM@NIED@?4?4?2?4?4?2?4?4?2?4?4?2?4?4?2src?2xercesc?1valid@ 1215b8f4     CMAny.obj
 0003:00011930       ??_C@_0EN@BOAE@c?3?2xml4c_root?2xerces?9c?9src1_7_0?2@ 1215b930     CMBinaryOp.obj
 0003:00011980       ??_C@_0EM@JIGJ@c?3?2xml4c_root?2xerces?9c?9src1_7_0?2@ 1215b980     CMUnaryOp.obj
 0003:000119cc       ??_C@_0FM@MEIJ@c?3?2xml4c_root?2xerces?9c?9src1_7_0?2@ 1215b9cc     ContentLeafNameTypeVector.obj
 0003:00011a28       ??_C@_0EB@DCJN@?4?4?2?4?4?2?4?4?2?4?4?2?4?4?2src?2xercesc?1valid@ 1215ba28     DFAContentModel.obj
 0003:00011a6c       ??_C@_0FC@NPKG@c?3?2xml4c_root?2xerces?9c?9src1_7_0?2@ 1215ba6c     DFAContentModel.obj
 0003:00011ac0       ??_C@_0FE@IAAL@c?3?2xml4c_root?2xerces?9c?9src1_7_0?2@ 1215bac0     MixedContentModel.obj
 0003:00011b14       ??_C@_0FF@JFK@c?3?2xml4c_root?2xerces?9c?9src1_7_0?2@ 1215bb14     SimpleContentModel.obj
 0003:00011b70       ??_R0?AVInvalidDatatypeFacetException@@@8 1215bb70     AbstractNumericFacetValidator.obj
 0003:00011b9c       ??_C@_0GC@HFNL@c?3?2xml4c_root?2xerces?9c?9src1_7_0?2@ 1215bb9c     AbstractNumericFacetValidator.obj
 0003:00011c00       ??_R0?AVInvalidDatatypeValueException@@@8 1215bc00     AbstractNumericValidator.obj
 0003:00011c2c       ??_C@_0FN@KLKI@c?3?2xml4c_root?2xerces?9c?9src1_7_0?2@ 1215bc2c     AbstractNumericValidator.obj
 0003:00011c8c       ??_C@_0FM@FDL@c?3?2xml4c_root?2xerces?9c?9src1_7_0?2@ 1215bc8c     AbstractStringValidator.obj
 0003:00011ce8       ??_C@_0GD@KJKE@c?3?2xml4c_root?2xerces?9c?9src1_7_0?2@ 1215bce8     AnySimpleTypeDatatypeValidator.obj
 0003:00011d4c       ??_C@_0FM@BLCP@c?3?2xml4c_root?2xerces?9c?9src1_7_0?2@ 1215bd4c     AnyURIDatatypeValidator.obj
 0003:00011da8       ??_C@_0GC@IMOI@c?3?2xml4c_root?2xerces?9c?9src1_7_0?2@ 1215bda8     Base64BinaryDatatypeValidator.obj
 0003:00011e0c       ??_C@_0M@NIGK@enumeration?$AA@ 1215be0c     BooleanDatatypeValidator.obj
 0003:00011e18       ??_C@_0FN@IMNF@c?3?2xml4c_root?2xerces?9c?9src1_7_0?2@ 1215be18     BooleanDatatypeValidator.obj
 0003:00011e78       ??_C@_0FG@DHBD@c?3?2xml4c_root?2xerces?9c?9src1_7_0?2@ 1215be78     DateTimeValidator.obj
 0003:00011ed0       ??_C@_0FN@LNCD@c?3?2xml4c_root?2xerces?9c?9src1_7_0?2@ 1215bed0     DecimalDatatypeValidator.obj
 0003:00011f30       ??_C@_0FM@FCDD@c?3?2xml4c_root?2xerces?9c?9src1_7_0?2@ 1215bf30     DoubleDatatypeValidator.obj
 0003:00011f8c       ??_C@_0FM@KLGN@c?3?2xml4c_root?2xerces?9c?9src1_7_0?2@ 1215bf8c     ENTITYDatatypeValidator.obj
 0003:00011fe8       ??_C@_0FL@BLNC@c?3?2xml4c_root?2xerces?9c?9src1_7_0?2@ 1215bfe8     FloatDatatypeValidator.obj
 0003:00012044       ??_C@_0FP@JEON@c?3?2xml4c_root?2xerces?9c?9src1_7_0?2@ 1215c044     HexBinaryDatatypeValidator.obj
 0003:000120a4       ??_C@_0FI@LFJB@c?3?2xml4c_root?2xerces?9c?9src1_7_0?2@ 1215c0a4     IDDatatypeValidator.obj
 0003:000120fc       ??_C@_0FL@GDFE@c?3?2xml4c_root?2xerces?9c?9src1_7_0?2@ 1215c0fc     IDREFDatatypeValidator.obj
 0003:00012158       ??_C@_0FK@BHNN@c?3?2xml4c_root?2xerces?9c?9src1_7_0?2@ 1215c158     ListDatatypeValidator.obj
 0003:000121b4       ??_C@_0FK@CFNA@c?3?2xml4c_root?2xerces?9c?9src1_7_0?2@ 1215c1b4     NameDatatypeValidator.obj
 0003:00012210       ??_C@_0FM@IOFD@c?3?2xml4c_root?2xerces?9c?9src1_7_0?2@ 1215c210     NCNameDatatypeValidator.obj
 0003:0001226c       ??_C@_0FO@KLJ@c?3?2xml4c_root?2xerces?9c?9src1_7_0?2@ 1215c26c     NOTATIONDatatypeValidator.obj
 0003:000122cc       ??_C@_0FL@IIKH@c?3?2xml4c_root?2xerces?9c?9src1_7_0?2@ 1215c2cc     QNameDatatypeValidator.obj
 0003:00012328       ??_C@_0FM@EHHJ@c?3?2xml4c_root?2xerces?9c?9src1_7_0?2@ 1215c328     StringDatatypeValidator.obj
 0003:00012384       ??_C@_0FL@EEBI@c?3?2xml4c_root?2xerces?9c?9src1_7_0?2@ 1215c384     UnionDatatypeValidator.obj
 0003:000123e0       ??_C@_0EO@MEJI@c?3?2xml4c_root?2xerces?9c?9src1_7_0?2@ 1215c3e0     DTDElementDecl.obj
 0003:00012430       ??_C@_0EK@MEAP@c?3?2xml4c_root?2xerces?9c?9src1_7_0?2@ 1215c430     DTDScanner.obj
 0003:0001247c       ??_C@_0EM@HMOA@c?3?2xml4c_root?2xerces?9c?9src1_7_0?2@ 1215c47c     DTDValidator.obj
 0003:000124c8       ??_R0?AVXPathException@@@8 1215c4c8     XercesXPath.obj
 0003:000124e8       ??_C@_0FH@KLIM@c?3?2xml4c_root?2xerces?9c?9src1_7_0?2@ 1215c4e8     XercesXPath.obj
 0003:00012540       ??_C@_0FC@DGJO@c?3?2xml4c_root?2xerces?9c?9src1_7_0?2@ 1215c540     ComplexTypeInfo.obj
 0003:00012594       ??_C@_0FB@PONK@c?3?2xml4c_root?2xerces?9c?9src1_7_0?2@ 1215c594     NamespaceScope.obj
 0003:000125e8       ??_C@_0FD@DDBL@c?3?2xml4c_root?2xerces?9c?9src1_7_0?2@ 1215c5e8     SchemaAttDefList.obj
 0003:0001263c       ??_C@_0FE@GLMA@c?3?2xml4c_root?2xerces?9c?9src1_7_0?2@ 1215c63c     SchemaElementDecl.obj
 0003:00012690       ??_C@_0FC@LCPC@c?3?2xml4c_root?2xerces?9c?9src1_7_0?2@ 1215c690     SchemaValidator.obj
 0003:000126e4       ??_C@_0FO@LOFF@c?3?2xml4c_root?2xerces?9c?9src1_7_0?2@ 1215c6e4     SubstitutionGroupComparator.obj
 0003:00012744       ?fgIdentityConstraints@@3PAPBGA 1215c744     TraverseSchema.obj
 0003:00012750       ??_R0?AW4ExceptionCodes@TraverseSchema@@@8 1215c750     TraverseSchema.obj
 0003:00012780       ??_C@_0FB@MOHC@c?3?2xml4c_root?2xerces?9c?9src1_7_0?2@ 1215c780     TraverseSchema.obj
 0003:000127d4       ??_C@_0EI@OCLC@c?3?2xml4c_root?2xerces?9c?9src1_7_0?2@ 1215c7d4     XUtil.obj
 0003:00012820       ??_R0?AVIDOM_DOMException@@@8 1215c820     IDAttrImpl.obj
 0003:00012840       ??_C@_0EE@HHPM@c?3?2xml4c_root?2xerces?9c?9src1_7_0?2@ 1215c840     IDDocumentImpl.obj
 0003:00012884       ??_C@_0DF@ELDL@?4?4?2?4?4?2?4?4?2?4?4?2?4?4?2src?2xercesc?1idom?1@ 1215c884     IDDocumentImpl.obj
 0003:000128bc       ??_C@_0EB@JFOL@c?3?2xml4c_root?2xerces?9c?9src1_7_0?2@ 1215c8bc     IDNodeIDMap.obj
 0003:00012900       ??_R0?AVIDOM_RangeException@@@8 1215c900     IDRangeImpl.obj
 0003:00012930       ??_R0?AVtype_info@@@8      1215c930     MSVCRT:ti_inst.obj
 0003:00012950       ??_C@_00A@?$AA@            1215c950     Win32PlatformUtils.obj
 0003:00012958       ?globalModuleHandle@@3PAUHINSTANCE__@@A 1215c958     Win32MsgLoader.obj
 0003:0001295c       ?gWinsockLib@@3PAUHINSTANCE__@@A 1215c95c     BinHTTPURLInputStream.obj
 0003:00012960       ?gWSgethostbyname@@3P6GPAUhostent@@PBD@ZA 1215c960     BinHTTPURLInputStream.obj
 0003:00012964       ?gWSinet_addr@@3P6GKPBD@ZA 1215c964     BinHTTPURLInputStream.obj
 0003:00012968       ?gWSgethostbyaddr@@3P6GPAUhostent@@PBDHH@ZA 1215c968     BinHTTPURLInputStream.obj
 0003:0001296c       ?gWShtons@@3P6GGG@ZA       1215c96c     BinHTTPURLInputStream.obj
 0003:00012970       ?gWSsocket@@3P6GIHHH@ZA    1215c970     BinHTTPURLInputStream.obj
 0003:00012974       ?gWSconnect@@3P6GHIPBUsockaddr@@H@ZA 1215c974     BinHTTPURLInputStream.obj
 0003:00012978       ?gWSsend@@3P6GHIPBDHH@ZA   1215c978     BinHTTPURLInputStream.obj
 0003:0001297c       ?gWSrecv@@3P6GHIPADHH@ZA   1215c97c     BinHTTPURLInputStream.obj
 0003:00012980       ?gWSshutdown@@3P6GHIH@ZA   1215c980     BinHTTPURLInputStream.obj
 0003:00012984       ?gWSclosesocket@@3P6GHI@ZA 1215c984     BinHTTPURLInputStream.obj
 0003:00012988       ?gWSACleanup@@3P6GHXZA     1215c988     BinHTTPURLInputStream.obj
 0003:0001298c       ?fInitialized@BinHTTPURLInputStream@@0_NA 1215c98c     BinHTTPURLInputStream.obj
 0003:00012990       ?fInitMutex@BinHTTPURLInputStream@@0PAVXMLMutex@@A 1215c990     BinHTTPURLInputStream.obj
 0003:000129a8       ?fInstance@RangeTokenMap@@0PAV1@A 1215c9a8     RangeTokenMap.obj
 0003:000129ac       ?fWordRange@RegularExpression@@0PAVRangeToken@@A 1215c9ac     RegularExpression.obj
 0003:000129b0       ?base64Inverse@Base64@@0PAEA 1215c9b0     Base64.obj
 0003:00012aaf       ?isInitialized@Base64@@0_NA 1215caaf     Base64.obj
 0003:00012ab0       ?hexNumberTable@HexBin@@0PA_NA 1215cab0     HexBin.obj
 0003:00012baf       ?isInitialized@HexBin@@0_NA 1215cbaf     HexBin.obj
 0003:00012bb8       ?gXMLCleanupList@@3PAVXMLRegisterCleanup@@A 1215cbb8     PlatformUtils.obj
 0003:00012bbc       ?gXMLCleanupListMutex@@3PAVXMLMutex@@A 1215cbbc     PlatformUtils.obj
 0003:00012bc0       ?fgNetAccessor@XMLPlatformUtils@@2PAVXMLNetAccessor@@A 1215cbc0     PlatformUtils.obj
 0003:00012bc4       ?fgTransService@XMLPlatformUtils@@2PAVXMLTransService@@A 1215cbc4     PlatformUtils.obj
 0003:00012d64       ?fNEL@XMLReader@@0_NA      1215cd64     XMLReader.obj
 0003:00012e84       ?freeListPtr@DOMStringHandle@@0PAXA 1215ce84     DOMString.obj
 0003:00012e88       ?blockListPtr@DOMStringHandle@@0PAV1@A 1215ce88     DOMString.obj
 0003:00012e8c       ?gLiveStringDataCount@DOMString@@0HA 1215ce8c     DOMString.obj
 0003:00012e90       ?gTotalStringDataCount@DOMString@@0HA 1215ce90     DOMString.obj
 0003:00012e94       ?gLiveStringHandleCount@DOMString@@0HA 1215ce94     DOMString.obj
 0003:00012e98       ?gTotalStringHandleCount@DOMString@@0HA 1215ce98     DOMString.obj
 0003:00012eb0       ?gLiveNamedNodeMaps@NamedNodeMapImpl@@1HA 1215ceb0     NamedNodeMapImpl.obj
 0003:00012eb4       ?gTotalNamedNodeMaps@NamedNodeMapImpl@@1HA 1215ceb4     NamedNodeMapImpl.obj
 0003:00012ed4       ?gLiveNodeImpls@NodeImpl@@2HA 1215ced4     NodeImpl.obj
 0003:00012ed8       ?gTotalNodeImpls@NodeImpl@@2HA 1215ced8     NodeImpl.obj
 0003:0001301c       ?fBuiltInRegistry@DatatypeValidatorFactory@@0PAV?$RefHashTableOf@VDatatypeValidator@@@@A 1215d01c     DatatypeValidatorFactory.obj
 0003:00013344       ?fAttributes@GeneralAttributeCheck@@0PAPAVAttributeInfo@@A 1215d344     GeneralAttributeCheck.obj
 0003:00013348       ?fValidators@GeneralAttributeCheck@@0PAPAVDatatypeValidator@@A 1215d348     GeneralAttributeCheck.obj
 0003:0001334c       ?fElementMap@GeneralAttributeCheck@@0PAV?$RefHash2KeysTableOf@V?$RefVectorOf@VAttributeInfo@@@@@@A 1215d34c     GeneralAttributeCheck.obj
 0003:000133c4       __adjust_fdiv              1215d3c4     <common>
 0003:000133c8       __pRawDllMain              1215d3c8     <common>
 0003:000133cc       ___onexitend               1215d3cc     <common>
 0003:000133d0       ___onexitbegin             1215d3d0     <common>

 entry point at        0001:000c051c

 Static symbols

 0001:000ba080       ?reinitEmptyNodeList@@YAXXZ 120bb080 f   IDNodeImpl.obj
 0001:000ba0a0       _$E155                     120bb0a0 f   IDNodeImpl.obj
 0001:000b78f0       ?reinitImplementation@@YAXXZ 120b88f0 f   IDDOMImplementation.obj
 0001:000b7910       _$E155                     120b8910 f   IDDOMImplementation.obj
 0001:0008b1e0       _$E351                     1208c1e0 f   GeneralAttributeCheck.obj
 0001:0007cf30       ?makeRepNode@@YAPAVContentSpecNode@@GQAV1@@Z 1207df30 f   DTDScanner.obj
 0001:00071000       _$E365                     12072000 f   DatatypeValidatorFactory.obj
 0001:00064ff0       ?formatNode@@YAXQBVContentSpecNode@@W4NodeTypes@1@AAVXMLBuffer@@@Z 12065ff0 f   ContentSpecNode.obj
 0001:00063310       _$E158                     12064310 f   XMLDeclImpl.obj
 0001:00061780       _$E158                     12062780 f   TextImpl.obj
 0001:00057ee0       _$E158                     12058ee0 f   NodeImpl.obj
 0001:00054b20       _$E160                     12055b20 f   ElementImpl.obj
 0001:00051d20       _$E149                     12052d20 f   DOMString.obj
 0001:00051d40       _$E152                     12052d40 f   DOMString.obj
 0001:00054490       ?reinitDomConverter@@YAXXZ 12055490 f   DOMString.obj
 0001:000544b0       ?reinitDomMutex@@YAXXZ     120554b0 f   DOMString.obj
 0001:0004f7d0       _$E160                     120507d0 f   DOM_DOMImplementation.obj
 0001:0004f8f0       ?reinitImplementation@@YAXXZ 120508f0 f   DOM_DOMImplementation.obj
 0001:0004f910       _$E163                     12050910 f   DOM_DOMImplementation.obj
 0001:0004bbf0       _$E174                     1204cbf0 f   DocumentImpl.obj
 0001:0004b890       _$E19                      1204c890 f   DocumentFragmentImpl.obj
 0001:0004b300       _$E21                      1204c300 f   DeepNodeListImpl.obj
 0001:0004b050       _$E158                     1204c050 f   CommentImpl.obj
 0001:0004a610       _$E158                     1204b610 f   CDATASectionImpl.obj
 0001:00032530       _$E359                     12033530 f   XMLScanner.obj
 0001:00032550       _$E362                     12033550 f   XMLScanner.obj
 0001:0002c440       _$E359                     1202d440 f   XMLValidator.obj
 0001:0002c460       _$E362                     1202d460 f   XMLValidator.obj
 0001:0002c580       ?getMsgLoader@@YAAAVXMLMsgLoader@@XZ 1202d580 f   XMLValidator.obj
 0001:0001eb30       _$E143                     1201fb30 f   XMLFloat.obj
 0001:0001e320       _$E143                     1201f320 f   XMLException.obj
 0001:0001e340       _$E146                     1201f340 f   XMLException.obj
 0001:0001e6d0       ?gGetMsgLoader@@YAAAVXMLMsgLoader@@XZ 1201f6d0 f   XMLException.obj
 0001:0001dd00       _$E143                     1201ed00 f   XMLDouble.obj
 0001:000131e0       ?setupRange@@YAXQAVRangeToken@@QBG@Z 120141e0 f   XMLRangeFactory.obj
 0001:000095e0       _$E150                     1200a5e0 f   RangeTokenMap.obj
 0001:000c032a       ?ArrayUnwindFilter@@YAHPAU_EXCEPTION_POINTERS@@@Z 120c132a f   MSVCRT:ehvecdtr.obj

 48912 bytes saved through ICF

